Archive member included to satisfy reference by file (symbol)

d:/siliconlabs/developer/toolchains/gnu_arm/12.2.rel1_2023.7/bin/../lib/gcc/arm-none-eabi/12.2.1/thumb/v7e-m+fp/softfp\libgcc.a(_arm_muldf3.o)
                              ./wiseconnect3_sdk_3.5.1/components/device/silabs/si91x/mcu/drivers/hardware_drivers/si70xx_sensor/src/sl_si91x_si70xx.o (__aeabi_dmul)
d:/siliconlabs/developer/toolchains/gnu_arm/12.2.rel1_2023.7/bin/../lib/gcc/arm-none-eabi/12.2.1/thumb/v7e-m+fp/softfp\libgcc.a(_arm_addsubdf3.o)
                              ./wiseconnect3_sdk_3.5.1/components/device/silabs/si91x/mcu/drivers/hardware_drivers/si70xx_sensor/src/sl_si91x_si70xx.o (__aeabi_dsub)
d:/siliconlabs/developer/toolchains/gnu_arm/12.2.rel1_2023.7/bin/../lib/gcc/arm-none-eabi/12.2.1/thumb/v7e-m+fp/softfp\libgcc.a(_arm_muldivdf3.o)
                              ./wiseconnect3_sdk_3.5.1/components/device/silabs/si91x/mcu/drivers/peripheral_drivers/src/clock_update.o (__aeabi_ddiv)
d:/siliconlabs/developer/toolchains/gnu_arm/12.2.rel1_2023.7/bin/../lib/gcc/arm-none-eabi/12.2.1/thumb/v7e-m+fp/softfp\libgcc.a(_arm_cmpdf2.o)
                              ./wiseconnect3_sdk_3.5.1/components/device/silabs/si91x/mcu/drivers/peripheral_drivers/src/rsi_adc.o (__aeabi_dcmplt)
d:/siliconlabs/developer/toolchains/gnu_arm/12.2.rel1_2023.7/bin/../lib/gcc/arm-none-eabi/12.2.1/thumb/v7e-m+fp/softfp\libgcc.a(_arm_fixunsdfsi.o)
                              ./wiseconnect3_sdk_3.5.1/components/device/silabs/si91x/mcu/drivers/peripheral_drivers/src/clock_update.o (__aeabi_d2uiz)
d:/siliconlabs/developer/toolchains/gnu_arm/12.2.rel1_2023.7/bin/../lib/gcc/arm-none-eabi/12.2.1/thumb/v7e-m+fp/softfp\libgcc.a(_arm_truncdfsf2.o)
                              ./wiseconnect3_sdk_3.5.1/components/device/silabs/si91x/mcu/drivers/hardware_drivers/si70xx_sensor/src/sl_si91x_si70xx.o (__aeabi_d2f)
d:/siliconlabs/developer/toolchains/gnu_arm/12.2.rel1_2023.7/bin/../lib/gcc/arm-none-eabi/12.2.1/thumb/v7e-m+fp/softfp\libgcc.a(_aeabi_ldivmod.o)
                              ./simplicity_sdk_2025.6.1/platform/service/sleeptimer/src/sl_sleeptimer.o (__aeabi_ldivmod)
d:/siliconlabs/developer/toolchains/gnu_arm/12.2.rel1_2023.7/bin/../lib/gcc/arm-none-eabi/12.2.1/thumb/v7e-m+fp/softfp\libgcc.a(_aeabi_uldivmod.o)
                              ./simplicity_sdk_2025.6.1/platform/service/sleeptimer/src/sl_sleeptimer.o (__aeabi_uldivmod)
d:/siliconlabs/developer/toolchains/gnu_arm/12.2.rel1_2023.7/bin/../lib/gcc/arm-none-eabi/12.2.1/thumb/v7e-m+fp/softfp\libgcc.a(_udivmoddi4.o)
                              d:/siliconlabs/developer/toolchains/gnu_arm/12.2.rel1_2023.7/bin/../lib/gcc/arm-none-eabi/12.2.1/thumb/v7e-m+fp/softfp\libgcc.a(_aeabi_ldivmod.o) (__udivmoddi4)
d:/siliconlabs/developer/toolchains/gnu_arm/12.2.rel1_2023.7/bin/../lib/gcc/arm-none-eabi/12.2.1/thumb/v7e-m+fp/softfp\libgcc.a(_dvmd_tls.o)
                              d:/siliconlabs/developer/toolchains/gnu_arm/12.2.rel1_2023.7/bin/../lib/gcc/arm-none-eabi/12.2.1/thumb/v7e-m+fp/softfp\libgcc.a(_aeabi_ldivmod.o) (__aeabi_ldiv0)
d:/siliconlabs/developer/toolchains/gnu_arm/12.2.rel1_2023.7/bin/../lib/gcc/arm-none-eabi/12.2.1/thumb/v7e-m+fp/softfp\libc_nano.a(libc_a-assert.o)
                              ./wiseconnect3_sdk_3.5.1/components/device/silabs/si91x/wireless/src/sl_rsi_utility.o (__assert_func)
d:/siliconlabs/developer/toolchains/gnu_arm/12.2.rel1_2023.7/bin/../lib/gcc/arm-none-eabi/12.2.1/thumb/v7e-m+fp/softfp\libc_nano.a(libc_a-atoi.o)
                              ./wiseconnect3_sdk_3.5.1/components/service/sl_http_server/src/sl_http_server.o (atoi)
d:/siliconlabs/developer/toolchains/gnu_arm/12.2.rel1_2023.7/bin/../lib/gcc/arm-none-eabi/12.2.1/thumb/v7e-m+fp/softfp\libc_nano.a(libc_a-calloc.o)
                              ./simplicity_sdk_2025.6.1/util/third_party/mbedtls/library/md.o (calloc)
d:/siliconlabs/developer/toolchains/gnu_arm/12.2.rel1_2023.7/bin/../lib/gcc/arm-none-eabi/12.2.1/thumb/v7e-m+fp/softfp\libc_nano.a(libc_a-callocr.o)
                              d:/siliconlabs/developer/toolchains/gnu_arm/12.2.rel1_2023.7/bin/../lib/gcc/arm-none-eabi/12.2.1/thumb/v7e-m+fp/softfp\libc_nano.a(libc_a-calloc.o) (_calloc_r)
d:/siliconlabs/developer/toolchains/gnu_arm/12.2.rel1_2023.7/bin/../lib/gcc/arm-none-eabi/12.2.1/thumb/v7e-m+fp/softfp\libc_nano.a(libc_a-exit.o)
                              d:/siliconlabs/developer/toolchains/gnu_arm/12.2.rel1_2023.7/bin/../lib/gcc/arm-none-eabi/12.2.1/thumb/v7e-m+fp/softfp/crt0.o (exit)
d:/siliconlabs/developer/toolchains/gnu_arm/12.2.rel1_2023.7/bin/../lib/gcc/arm-none-eabi/12.2.1/thumb/v7e-m+fp/softfp\libc_nano.a(libc_a-malloc.o)
                              ./wiseconnect3_sdk_3.5.1/components/device/silabs/si91x/wireless/firmware_upgrade/firmware_upgradation.o (malloc)
d:/siliconlabs/developer/toolchains/gnu_arm/12.2.rel1_2023.7/bin/../lib/gcc/arm-none-eabi/12.2.1/thumb/v7e-m+fp/softfp\libc_nano.a(libc_a-mallocr.o)
[...]
Memory Configuration

Name             Origin             Length             Attributes
rom              0x08202000         0x001fe000         xr
ram              0x00000400         0x0002f800         xrw
udma0            0x0002fc00         0x00000400         xrw
udma1            0x24061c00         0x00000400         xrw
*default*        0x00000000         0xffffffff

Linker script and memory map

LOAD d:/siliconlabs/developer/toolchains/gnu_arm/12.2.rel1_2023.7/bin/../lib/gcc/arm-none-eabi/12.2.1/thumb/v7e-m+fp/softfp/crti.o
LOAD d:/siliconlabs/developer/toolchains/gnu_arm/12.2.rel1_2023.7/bin/../lib/gcc/arm-none-eabi/12.2.1/thumb/v7e-m+fp/softfp/crtbegin.o
LOAD d:/siliconlabs/developer/toolchains/gnu_arm/12.2.rel1_2023.7/bin/../lib/gcc/arm-none-eabi/12.2.1/thumb/v7e-m+fp/softfp/crt0.o
START GROUP
LOAD ./app.o
LOAD ./main.o
LOAD ./autogen/sl_event_handler.o
LOAD ./autogen/sl_i2c_init.o
LOAD ./autogen/sl_iostream_handles.o
LOAD ./simplicity_sdk_2025.6.1/platform/CMSIS/RTOS2/Source/os_systick.o
LOAD ./simplicity_sdk_2025.6.1/platform/common/src/sl_assert.o
LOAD ./simplicity_sdk_2025.6.1/platform/common/src/sl_cmsis_os2_common.o
LOAD ./simplicity_sdk_2025.6.1/platform/common/src/sl_core_cortexm.o
LOAD ./simplicity_sdk_2025.6.1/platform/common/src/sl_slist.o
LOAD ./simplicity_sdk_2025.6.1/platform/common/src/sl_string.o
LOAD ./simplicity_sdk_2025.6.1/platform/common/src/sl_syscalls.o
LOAD ./simplicity_sdk_2025.6.1/platform/common/src/sli_cmsis_os2_ext_task_register.o
LOAD ./simplicity_sdk_2025.6.1/platform/security/sl_component/sl_mbedtls_support/src/mbedtls_ccm.o
LOAD ./simplicity_sdk_2025.6.1/platform/security/sl_component/sl_mbedtls_support/src/sl_mbedtls.o
LOAD ./simplicity_sdk_2025.6.1/platform/security/sl_component/sli_psec_osal/src/sli_psec_osal_cmsis_rtos2.o
LOAD ./simplicity_sdk_2025.6.1/platform/service/iostream/src/sl_iostream.o
LOAD ./simplicity_sdk_2025.6.1/platform/service/mem_pool/src/sl_mem_pool.o
LOAD ./simplicity_sdk_2025.6.1/platform/service/sl_main/src/rtos/main_retarget.o
LOAD ./simplicity_sdk_2025.6.1/platform/service/sl_main/src/sl_main_init.o
LOAD ./simplicity_sdk_2025.6.1/platform/service/sl_main/src/sl_main_init_memory.o
LOAD ./simplicity_sdk_2025.6.1/platform/service/sl_main/src/sl_main_kernel.o
LOAD ./simplicity_sdk_2025.6.1/platform/service/sleeptimer/src/sl_sleeptimer.o
LOAD ./simplicity_sdk_2025.6.1/util/third_party/freertos/cmsis/Source/cmsis_os2.o
LOAD ./simplicity_sdk_2025.6.1/util/third_party/freertos/kernel/croutine.o
LOAD ./simplicity_sdk_2025.6.1/util/third_party/freertos/kernel/event_groups.o
LOAD ./simplicity_sdk_2025.6.1/util/third_party/freertos/kernel/list.o
LOAD ./simplicity_sdk_2025.6.1/util/third_party/freertos/kernel/queue.o
LOAD ./simplicity_sdk_2025.6.1/util/third_party/freertos/kernel/stream_buffer.o
LOAD ./simplicity_sdk_2025.6.1/util/third_party/freertos/kernel/tasks.o
LOAD ./simplicity_sdk_2025.6.1/util/third_party/freertos/kernel/timers.o
LOAD ./simplicity_sdk_2025.6.1/util/third_party/freertos/kernel/portable/GCC/ARM_CM4F/port.o
LOAD ./simplicity_sdk_2025.6.1/util/third_party/freertos/kernel/portable/MemMang/heap_4.o
LOAD ./simplicity_sdk_2025.6.1/util/third_party/mbedtls/library/constant_time.o
LOAD ./simplicity_sdk_2025.6.1/util/third_party/mbedtls/library/debug.o
LOAD ./simplicity_sdk_2025.6.1/util/third_party/mbedtls/library/md.o
LOAD ./simplicity_sdk_2025.6.1/util/third_party/mbedtls/library/platform.o
LOAD ./simplicity_sdk_2025.6.1/util/third_party/mbedtls/library/platform_util.o
LOAD ./simplicity_sdk_2025.6.1/util/third_party/mbedtls/library/psa_crypto_client.o
LOAD ./simplicity_sdk_2025.6.1/util/third_party/mbedtls/library/psa_util.o
LOAD ./simplicity_sdk_2025.6.1/util/third_party/mbedtls/library/sha256.o
LOAD ./simplicity_sdk_2025.6.1/util/third_party/mbedtls/library/threading.o
LOAD ./simplicity_sdk_2025.6.1/util/third_party/segger/systemview/SEGGER/SEGGER_RTT.o
LOAD ./wiseconnect3_sdk_3.5.1/components/board/silabs/src/rsi_board.o
LOAD ./wiseconnect3_sdk_3.5.1/components/common/src/sl_utility.o
LOAD ./wiseconnect3_sdk_3.5.1/components/device/silabs/si91x/mcu/core/chip/src/iPMU_prog/iPMU_dotc/ipmu_apis.o
LOAD ./wiseconnect3_sdk_3.5.1/components/device/silabs/si91x/mcu/core/chip/src/iPMU_prog/iPMU_dotc/rsi_system_config_917.o
LOAD ./wiseconnect3_sdk_3.5.1/components/device/silabs/si91x/mcu/core/chip/src/rsi_deepsleep_soc.o
LOAD ./wiseconnect3_sdk_3.5.1/components/device/silabs/si91x/mcu/core/chip/src/rsi_ps_ram_func.o
LOAD ./wiseconnect3_sdk_3.5.1/components/device/silabs/si91x/mcu/core/chip/src/startup_si91x.o
LOAD ./wiseconnect3_sdk_3.5.1/components/device/silabs/si91x/mcu/core/chip/src/system_si91x.o
LOAD ./wiseconnect3_sdk_3.5.1/components/device/silabs/si91x/mcu/core/common/src/malloc_thread_safety.o
LOAD ./wiseconnect3_sdk_3.5.1/components/device/silabs/si91x/mcu/core/common/src/rsi_debug.o
LOAD ./wiseconnect3_sdk_3.5.1/components/device/silabs/si91x/mcu/core/common/src/sl_si91x_stack_object_declare.o
LOAD ./wiseconnect3_sdk_3.5.1/components/device/silabs/si91x/mcu/core/common/src/syscalls.o
LOAD ./wiseconnect3_sdk_3.5.1/components/device/silabs/si91x/mcu/core/config/src/rsi_nvic_priorities_config.o
LOAD ./wiseconnect3_sdk_3.5.1/components/device/silabs/si91x/mcu/drivers/cmsis_driver/UDMA.o
LOAD ./wiseconnect3_sdk_3.5.1/components/device/silabs/si91x/mcu/drivers/cmsis_driver/USART.o
LOAD ./wiseconnect3_sdk_3.5.1/components/device/silabs/si91x/mcu/drivers/debug/src/sl_si91x_debug_swo.o
LOAD ./wiseconnect3_sdk_3.5.1/components/device/silabs/si91x/mcu/drivers/hardware_drivers/si70xx_sensor/src/sl_si91x_si70xx.o
LOAD ./wiseconnect3_sdk_3.5.1/components/device/silabs/si91x/mcu/drivers/peripheral_drivers/src/aux_reference_volt_config.o
LOAD ./wiseconnect3_sdk_3.5.1/components/device/silabs/si91x/mcu/drivers/peripheral_drivers/src/clock_update.o
LOAD ./wiseconnect3_sdk_3.5.1/components/device/silabs/si91x/mcu/drivers/peripheral_drivers/src/rsi_adc.o
LOAD ./wiseconnect3_sdk_3.5.1/components/device/silabs/si91x/mcu/drivers/peripheral_drivers/src/rsi_crc.o
LOAD ./wiseconnect3_sdk_3.5.1/components/device/silabs/si91x/mcu/drivers/peripheral_drivers/src/rsi_dac.o
LOAD ./wiseconnect3_sdk_3.5.1/components/device/silabs/si91x/mcu/drivers/peripheral_drivers/src/rsi_egpio.o
LOAD ./wiseconnect3_sdk_3.5.1/components/device/silabs/si91x/mcu/drivers/peripheral_drivers/src/rsi_opamp.o
LOAD ./wiseconnect3_sdk_3.5.1/components/device/silabs/si91x/mcu/drivers/peripheral_drivers/src/rsi_sysrtc.o
LOAD ./wiseconnect3_sdk_3.5.1/components/device/silabs/si91x/mcu/drivers/peripheral_drivers/src/rsi_udma.o
LOAD ./wiseconnect3_sdk_3.5.1/components/device/silabs/si91x/mcu/drivers/peripheral_drivers/src/rsi_udma_wrapper.o
LOAD ./wiseconnect3_sdk_3.5.1/components/device/silabs/si91x/mcu/drivers/peripheral_drivers/src/rsi_usart.o
LOAD ./wiseconnect3_sdk_3.5.1/components/device/silabs/si91x/mcu/drivers/service/clock_manager/src/sl_si91x_clock_manager.o
LOAD ./wiseconnect3_sdk_3.5.1/components/device/silabs/si91x/mcu/drivers/service/iostream/src/sl_si91x_iostream_debug.o
LOAD ./wiseconnect3_sdk_3.5.1/components/device/silabs/si91x/mcu/drivers/service/iostream/src/sl_si91x_iostream_swo_itm_8.o
LOAD ./wiseconnect3_sdk_3.5.1/components/device/silabs/si91x/mcu/drivers/service/iostream/src/sl_si91x_iostream_vuart.o
LOAD ./wiseconnect3_sdk_3.5.1/components/device/silabs/si91x/mcu/drivers/service/sleeptimer/src/sl_sleeptimer_hal_si91x_sysrtc.o
LOAD ./wiseconnect3_sdk_3.5.1/components/device/silabs/si91x/mcu/drivers/systemlevel/src/rsi_bod.o
LOAD ./wiseconnect3_sdk_3.5.1/components/device/silabs/si91x/mcu/drivers/systemlevel/src/rsi_ipmu.o
LOAD ./wiseconnect3_sdk_3.5.1/components/device/silabs/si91x/mcu/drivers/systemlevel/src/rsi_pll.o
LOAD ./wiseconnect3_sdk_3.5.1/components/device/silabs/si91x/mcu/drivers/systemlevel/src/rsi_rtc.o
LOAD ./wiseconnect3_sdk_3.5.1/components/device/silabs/si91x/mcu/drivers/systemlevel/src/rsi_temp_sensor.o
LOAD ./wiseconnect3_sdk_3.5.1/components/device/silabs/si91x/mcu/drivers/systemlevel/src/rsi_time_period.o
LOAD ./wiseconnect3_sdk_3.5.1/components/device/silabs/si91x/mcu/drivers/systemlevel/src/rsi_ulpss_clk.o
LOAD ./wiseconnect3_sdk_3.5.1/components/device/silabs/si91x/mcu/drivers/unified_api/src/sl_si91x_adc.o
LOAD ./wiseconnect3_sdk_3.5.1/components/device/silabs/si91x/mcu/drivers/unified_api/src/sl_si91x_bjt_temperature_sensor.o
LOAD ./wiseconnect3_sdk_3.5.1/components/device/silabs/si91x/mcu/drivers/unified_api/src/sl_si91x_dma.o
LOAD ./wiseconnect3_sdk_3.5.1/components/device/silabs/si91x/mcu/drivers/unified_api/src/sl_si91x_driver_gpio.o
LOAD ./wiseconnect3_sdk_3.5.1/components/device/silabs/si91x/mcu/drivers/unified_api/src/sl_si91x_i2c.o
LOAD ./wiseconnect3_sdk_3.5.1/components/device/silabs/si91x/mcu/drivers/unified_peripheral_drivers/src/sl_si91x_peripheral_gpio.o
LOAD ./wiseconnect3_sdk_3.5.1/components/device/silabs/si91x/mcu/drivers/unified_peripheral_drivers/src/sl_si91x_peripheral_i2c.o
LOAD ./wiseconnect3_sdk_3.5.1/components/device/silabs/si91x/wireless/ahb_interface/src/rsi_hal_mcu_m4_ram.o
LOAD ./wiseconnect3_sdk_3.5.1/components/device/silabs/si91x/wireless/ahb_interface/src/rsi_hal_mcu_m4_rom.o
LOAD ./wiseconnect3_sdk_3.5.1/components/device/silabs/si91x/wireless/ahb_interface/src/sl_platform.o
LOAD ./wiseconnect3_sdk_3.5.1/components/device/silabs/si91x/wireless/ahb_interface/src/sl_platform_wireless.o
LOAD ./wiseconnect3_sdk_3.5.1/components/device/silabs/si91x/wireless/ahb_interface/src/sl_si91x_bus.o
LOAD ./wiseconnect3_sdk_3.5.1/components/device/silabs/si91x/wireless/ahb_interface/src/sl_si91x_timer.o
LOAD ./wiseconnect3_sdk_3.5.1/components/device/silabs/si91x/wireless/ahb_interface/src/sli_siwx917_soc.o
LOAD ./wiseconnect3_sdk_3.5.1/components/device/silabs/si91x/wireless/asynchronous_socket/src/sl_si91x_socket.o
LOAD ./wiseconnect3_sdk_3.5.1/components/device/silabs/si91x/wireless/errno/src/sl_si91x_errno.o
LOAD ./wiseconnect3_sdk_3.5.1/components/device/silabs/si91x/wireless/firmware_upgrade/firmware_upgradation.o
LOAD ./wiseconnect3_sdk_3.5.1/components/device/silabs/si91x/wireless/host_mcu/si91x/siwx917_soc_ncp_host.o
LOAD ./wiseconnect3_sdk_3.5.1/components/device/silabs/si91x/wireless/icmp/sl_net_ping.o
LOAD ./wiseconnect3_sdk_3.5.1/components/device/silabs/si91x/wireless/memory/mem_pool_buffer_quota.o
LOAD ./wiseconnect3_sdk_3.5.1/components/device/silabs/si91x/wireless/sl_net/src/sl_net_rsi_utility.o
LOAD ./wiseconnect3_sdk_3.5.1/components/device/silabs/si91x/wireless/sl_net/src/sl_net_si91x.o
LOAD ./wiseconnect3_sdk_3.5.1/components/device/silabs/si91x/wireless/sl_net/src/sl_net_si91x_callback_framework.o
LOAD ./wiseconnect3_sdk_3.5.1/components/device/silabs/si91x/wireless/sl_net/src/sl_net_si91x_integration_handler.o
LOAD ./wiseconnect3_sdk_3.5.1/components/device/silabs/si91x/wireless/sl_net/src/sl_si91x_net_internal_stack.o
LOAD ./wiseconnect3_sdk_3.5.1/components/device/silabs/si91x/wireless/sl_net/src/sli_net_si91x_utility.o
LOAD ./wiseconnect3_sdk_3.5.1/components/device/silabs/si91x/wireless/socket/src/sl_si91x_socket_utility.o
LOAD ./wiseconnect3_sdk_3.5.1/components/device/silabs/si91x/wireless/src/sl_rsi_utility.o
LOAD ./wiseconnect3_sdk_3.5.1/components/device/silabs/si91x/wireless/src/sl_si91x_driver.o
LOAD ./wiseconnect3_sdk_3.5.1/components/device/silabs/si91x/wireless/src/sl_si91x_http_client_callback_framework.o
LOAD ./wiseconnect3_sdk_3.5.1/components/protocol/wifi/si91x/sl_wifi.o
LOAD ./wiseconnect3_sdk_3.5.1/components/protocol/wifi/src/sl_wifi_basic_credentials.o
LOAD ./wiseconnect3_sdk_3.5.1/components/protocol/wifi/src/sl_wifi_callback_framework.o
LOAD ./wiseconnect3_sdk_3.5.1/components/service/bsd_socket/si91x_socket/sl_si91x_bsd_socket.o
LOAD ./wiseconnect3_sdk_3.5.1/components/service/http_client/si91x_socket/sl_http_client.o
LOAD ./wiseconnect3_sdk_3.5.1/components/service/mdns/si91x/sl_mdns.o
LOAD ./wiseconnect3_sdk_3.5.1/components/service/network_manager/src/sl_net.o
LOAD ./wiseconnect3_sdk_3.5.1/components/service/network_manager/src/sl_net_basic_certificate_store.o
LOAD ./wiseconnect3_sdk_3.5.1/components/service/network_manager/src/sl_net_basic_profiles.o
LOAD ./wiseconnect3_sdk_3.5.1/components/service/network_manager/src/sl_net_credentials.o
LOAD ./wiseconnect3_sdk_3.5.1/components/service/network_manager/src/sli_net_common_utility.o
LOAD ./wiseconnect3_sdk_3.5.1/components/service/sl_http_server/src/sl_http_server.o
LOAD ./wiseconnect3_sdk_3.5.1/components/service/sl_websocket_client/src/sl_websocket_client.o
LOAD ./wiseconnect3_sdk_3.5.1/components/service/sl_websocket_client/src/sli_websocket_client_sync.o
LOAD ./wiseconnect3_sdk_3.5.1/components/sli_si91x_wifi_event_handler/src/sli_si91x_wifi_event_handler.o
LOAD ./wiseconnect3_sdk_3.5.1/components/sli_wifi_command_engine/src/sli_wifi_command_engine.o
LOAD d:/siliconlabs/developer/toolchains/gnu_arm/12.2.rel1_2023.7/bin/../lib/gcc/arm-none-eabi/12.2.1/thumb/v7e-m+fp/softfp\libgcc.a
LOAD d:/siliconlabs/developer/toolchains/gnu_arm/12.2.rel1_2023.7/bin/../lib/gcc/arm-none-eabi/12.2.1/thumb/v7e-m+fp/softfp\libnosys.a
LOAD d:/siliconlabs/developer/toolchains/gnu_arm/12.2.rel1_2023.7/bin/../lib/gcc/arm-none-eabi/12.2.1/thumb/v7e-m+fp/softfp\libc_nano.a
LOAD d:/siliconlabs/developer/toolchains/gnu_arm/12.2.rel1_2023.7/bin/../lib/gcc/arm-none-eabi/12.2.1/thumb/v7e-m+fp/softfp\libm.a
END GROUP
START GROUP
LOAD d:/siliconlabs/developer/toolchains/gnu_arm/12.2.rel1_2023.7/bin/../lib/gcc/arm-none-eabi/12.2.1/thumb/v7e-m+fp/softfp\libgcc.a
LOAD d:/siliconlabs/developer/toolchains/gnu_arm/12.2.rel1_2023.7/bin/../lib/gcc/arm-none-eabi/12.2.1/thumb/v7e-m+fp/softfp\libc_nano.a
LOAD d:/siliconlabs/developer/toolchains/gnu_arm/12.2.rel1_2023.7/bin/../lib/gcc/arm-none-eabi/12.2.1/thumb/v7e-m+fp/softfp\libnosys.a
END GROUP
START GROUP
LOAD d:/siliconlabs/developer/toolchains/gnu_arm/12.2.rel1_2023.7/bin/../lib/gcc/arm-none-eabi/12.2.1/thumb/v7e-m+fp/softfp\libgcc.a
LOAD d:/siliconlabs/developer/toolchains/gnu_arm/12.2.rel1_2023.7/bin/../lib/gcc/arm-none-eabi/12.2.1/thumb/v7e-m+fp/softfp\libg_nano.a
LOAD d:/siliconlabs/developer/toolchains/gnu_arm/12.2.rel1_2023.7/bin/../lib/gcc/arm-none-eabi/12.2.1/thumb/v7e-m+fp/softfp\libc_nano.a
END GROUP
START GROUP
LOAD d:/siliconlabs/developer/toolchains/gnu_arm/12.2.rel1_2023.7/bin/../lib/gcc/arm-none-eabi/12.2.1/thumb/v7e-m+fp/softfp\libgcc.a
LOAD d:/siliconlabs/developer/toolchains/gnu_arm/12.2.rel1_2023.7/bin/../lib/gcc/arm-none-eabi/12.2.1/thumb/v7e-m+fp/softfp\libc_nano.a
END GROUP
LOAD d:/siliconlabs/developer/toolchains/gnu_arm/12.2.rel1_2023.7/bin/../lib/gcc/arm-none-eabi/12.2.1/thumb/v7e-m+fp/softfp/crtend.o
LOAD d:/siliconlabs/developer/toolchains/gnu_arm/12.2.rel1_2023.7/bin/../lib/gcc/arm-none-eabi/12.2.1/thumb/v7e-m+fp/softfp/crtn.o

.text           0x08202000    0x10549
 *(.isr_vector)
 .isr_vector    0x08202000      0x16c ./wiseconnect3_sdk_3.5.1/components/device/silabs/si91x/mcu/core/chip/src/startup_si91x.o
                0x08202000                __Vectors
                0x08202180                . = ALIGN (0x20)
 *fill*         0x0820216c       0x14 
 *(.reset_handler)
 .reset_handler
                0x08202180       0x30 ./wiseconnect3_sdk_3.5.1/components/device/silabs/si91x/mcu/core/chip/src/startup_si91x.o
                0x08202180                RSI_Default_Reset_Handler
 *(EXCLUDE_FILE(*heap_*.o *port.o *sl_rsi_utility.o *malloc_buffers.o *freertos_umm_malloc_host.o *cmsis_os2.o *timers.o *tasks.o *stream_buffer.o *queue.o *list.o *event_groups.o *croutine.o *sl_si91x_low_power_tickless_mode.o *rsi_sysrtc.o *sl_sleeptimer_hal_si91x_sysrtc.o *sl_sleeptimer.o *UDMA.o *rsi_hal_mcu_m4_rom.o *rsi_hal_mcu_m4_ram.o *rsi_deepsleep_soc.o *sli_si91x_wifi_event_handler.o *sli_wifi_command_engine.o *sl_si91x_driver.o *sl_si91x_bus.o) .text*)
 .text.deregister_tm_clones
                0x082021b0       0x1c d:/siliconlabs/developer/toolchains/gnu_arm/12.2.rel1_2023.7/bin/../lib/gcc/arm-none-eabi/12.2.1/thumb/v7e-m+fp/softfp/crtbegin.o
 .text.register_tm_clones
                0x082021cc       0x24 d:/siliconlabs/developer/toolchains/gnu_arm/12.2.rel1_2023.7/bin/../lib/gcc/arm-none-eabi/12.2.1/thumb/v7e-m+fp/softfp/crtbegin.o
 .text.__do_global_dtors_aux
                0x082021f0       0x28 d:/siliconlabs/developer/toolchains/gnu_arm/12.2.rel1_2023.7/bin/../lib/gcc/arm-none-eabi/12.2.1/thumb/v7e-m+fp/softfp/crtbegin.o
 .text.frame_dummy
                0x08202218       0x24 d:/siliconlabs/developer/toolchains/gnu_arm/12.2.rel1_2023.7/bin/../lib/gcc/arm-none-eabi/12.2.1/thumb/v7e-m+fp/softfp/crtbegin.o
 .text.fetch_weather
                0x0820223c      0x1a0 ./app.o
                0x0820223c                fetch_weather
 .text.handle_http_client.isra.0
                0x082023dc      0x10c ./app.o
 .text.http_server_task
                0x082024e8       0xf4 ./app.o
 .text.app_init
                0x082025dc       0xe0 ./app.o
                0x082025dc                app_init
 .text.startup.main
                0x082026bc       0x18 ./main.o
                0x082026bc                main
 .text.sli_driver_permanent_allocation
                0x082026d4        0x2 ./autogen/sl_event_handler.o
                0x082026d4                sli_driver_permanent_allocation
 .text.sli_service_permanent_allocation
                0x082026d6        0x2 ./autogen/sl_event_handler.o
                0x082026d6                sli_service_permanent_allocation
 .text.sli_stack_permanent_allocation
                0x082026d8        0x2 ./autogen/sl_event_handler.o
                0x082026d8                sli_stack_permanent_allocation
 .text.sli_internal_permanent_allocation
                0x082026da        0x2 ./autogen/sl_event_handler.o
                0x082026da                sli_internal_permanent_allocation
 .text.sl_platform_init
                0x082026dc       0x1a ./autogen/sl_event_handler.o
                0x082026dc                sl_platform_init
 .text.sli_internal_init_early
                0x082026f6        0x2 ./autogen/sl_event_handler.o
                0x082026f6                sli_internal_init_early
 .text.sl_kernel_start
                0x082026f8        0x4 ./autogen/sl_event_handler.o
                0x082026f8                sl_kernel_start
 .text.sl_driver_init
                0x082026fc        0xe ./autogen/sl_event_handler.o
                0x082026fc                sl_driver_init
 .text.sl_stack_init
                0x0820270a        0x2 ./autogen/sl_event_handler.o
                0x0820270a                sl_stack_init
 .text.sl_internal_app_init
                0x0820270c        0x2 ./autogen/sl_event_handler.o
                0x0820270c                sl_internal_app_init
 .text.sl_iostream_init_instances_stage_1
                0x0820270e        0xe ./autogen/sl_event_handler.o
                0x0820270e                sl_iostream_init_instances_stage_1
 .text.sl_service_init
                0x0820271c       0x12 ./autogen/sl_event_handler.o
                0x0820271c                sl_service_init
 *fill*         0x0820272e        0x2 
 .text.sl_i2c_init_instances
                0x08202730       0x1c ./autogen/sl_i2c_init.o
                0x08202730                sl_i2c_init_instances
 .text.sl_iostream_set_console_instance
                0x0820274c       0x40 ./autogen/sl_iostream_handles.o
                0x0820274c                sl_iostream_set_console_instance
 .text.CORE_EnterCritical
                0x0820278c        0x8 ./simplicity_sdk_2025.6.1/platform/common/src/sl_core_cortexm.o
                0x0820278c                CORE_EnterCritical
 .text.CORE_ExitCritical
                0x08202794        0xa ./simplicity_sdk_2025.6.1/platform/common/src/sl_core_cortexm.o
                0x08202794                CORE_ExitCritical
 .text.CORE_EnterAtomic
                0x0820279e        0xc ./simplicity_sdk_2025.6.1/platform/common/src/sl_core_cortexm.o
                0x0820279e                CORE_EnterAtomic
 .text.CORE_ExitAtomic
                0x082027aa        0xa ./simplicity_sdk_2025.6.1/platform/common/src/sl_core_cortexm.o
                0x082027aa                CORE_ExitAtomic
 .text.CORE_IrqIsDisabled
                0x082027b4       0x1a ./simplicity_sdk_2025.6.1/platform/common/src/sl_core_cortexm.o
                0x082027b4                CORE_IrqIsDisabled
 .text.sl_strnlen
                0x082027ce       0x16 ./simplicity_sdk_2025.6.1/platform/common/src/sl_string.o
                0x082027ce                sl_strnlen
 .text.sl_strlen
                0x082027e4        0x8 ./simplicity_sdk_2025.6.1/platform/common/src/sl_string.o
                0x082027e4                sl_strlen
 .text.sli_osTaskRegisterNew
                0x082027ec       0x1c ./simplicity_sdk_2025.6.1/platform/common/src/sli_cmsis_os2_ext_task_register.o
                0x082027ec                sli_osTaskRegisterNew
 .text.sli_osTaskRegisterSetValue
                0x08202808        0xa ./simplicity_sdk_2025.6.1/platform/common/src/sli_cmsis_os2_ext_task_register.o
                0x08202808                sli_osTaskRegisterSetValue
 .text.THREADING_GiveMutex
                0x08202812       0x1a ./simplicity_sdk_2025.6.1/platform/security/sl_component/sl_mbedtls_support/src/sl_mbedtls.o
 .text.THREADING_TakeMutexBlocking
                0x0820282c       0x1e ./simplicity_sdk_2025.6.1/platform/security/sl_component/sl_mbedtls_support/src/sl_mbedtls.o
 .text.THREADING_FreeMutex
                0x0820284a        0xa ./simplicity_sdk_2025.6.1/platform/security/sl_component/sl_mbedtls_support/src/sl_mbedtls.o
 .text.THREADING_InitMutex
                0x08202854       0x16 ./simplicity_sdk_2025.6.1/platform/security/sl_component/sl_mbedtls_support/src/sl_mbedtls.o
 *fill*         0x0820286a        0x2 
 .text.sl_mbedtls_init
                0x0820286c       0x1c ./simplicity_sdk_2025.6.1/platform/security/sl_component/sl_mbedtls_support/src/sl_mbedtls.o
                0x0820286c                sl_mbedtls_init
 .text.sli_psec_osal_lock_is_accessible
                0x08202888       0x36 ./simplicity_sdk_2025.6.1/platform/security/sl_component/sli_psec_osal/src/sli_psec_osal_cmsis_rtos2.o
                0x08202888                sli_psec_osal_lock_is_accessible
 .text.sli_psec_osal_take_lock_timeout
                0x082028be       0x38 ./simplicity_sdk_2025.6.1/platform/security/sl_component/sli_psec_osal/src/sli_psec_osal_cmsis_rtos2.o
                0x082028be                sli_psec_osal_take_lock_timeout
 .text.sli_psec_osal_give_lock
                0x082028f6       0x34 ./simplicity_sdk_2025.6.1/platform/security/sl_component/sli_psec_osal/src/sli_psec_osal_cmsis_rtos2.o
                0x082028f6                sli_psec_osal_give_lock
 *fill*         0x0820292a        0x2 
 .text.sl_iostream_set_system_default
                0x0820292c       0x18 ./simplicity_sdk_2025.6.1/platform/service/iostream/src/sl_iostream.o
                0x0820292c                sl_iostream_set_system_default
 .text.sli_mem_pool_create
                0x08202944       0x3c ./simplicity_sdk_2025.6.1/platform/service/mem_pool/src/sl_mem_pool.o
                0x08202944                sli_mem_pool_create
 .text.sli_mem_pool_alloc
                0x08202980       0x24 ./simplicity_sdk_2025.6.1/platform/service/mem_pool/src/sl_mem_pool.o
                0x08202980                sli_mem_pool_alloc
 .text.sli_mem_pool_free
                0x082029a4       0x18 ./simplicity_sdk_2025.6.1/platform/service/mem_pool/src/sl_mem_pool.o
                0x082029a4                sli_mem_pool_free
 .text.__wrap_main
                0x082029bc        0xc ./simplicity_sdk_2025.6.1/platform/service/sl_main/src/rtos/main_retarget.o
                0x082029bc                __wrap_main
 .text.app_init_pre_clock
                0x082029c8        0x2 ./simplicity_sdk_2025.6.1/platform/service/sl_main/src/sl_main_init.o
                0x082029c8                app_init_pre_clock
 .text.app_init_early
                0x082029ca        0x2 ./simplicity_sdk_2025.6.1/platform/service/sl_main/src/sl_main_init.o
                0x082029ca                app_init_early
 .text.app_process_action
                0x082029cc        0x2 ./simplicity_sdk_2025.6.1/platform/service/sl_main/src/sl_main_init.o
                0x082029cc                app_process_action
 .text.sl_main_second_stage_init
                0x082029ce       0x1a ./simplicity_sdk_2025.6.1/platform/service/sl_main/src/sl_main_init.o
                0x082029ce                sl_main_second_stage_init
 .text.sl_main_init
                0x082029e8       0x26 ./simplicity_sdk_2025.6.1/platform/service/sl_main/src/sl_main_init.o
                0x082029e8                sl_main_init
 .text.app_permanent_memory_alloc
                0x08202a0e        0x2 ./simplicity_sdk_2025.6.1/platform/service/sl_main/src/sl_main_init_memory.o
                0x08202a0e                app_permanent_memory_alloc
 .text.sli_allocate_permanent_memory
                0x08202a10       0x18 ./simplicity_sdk_2025.6.1/platform/service/sl_main/src/sl_main_init_memory.o
                0x08202a10                sli_allocate_permanent_memory
 .text.start_task_handler
                0x08202a28       0x18 ./simplicity_sdk_2025.6.1/platform/service/sl_main/src/sl_main_kernel.o
 .text.sli_main_kernel_start_task_initialize
                0x08202a40       0x34 ./simplicity_sdk_2025.6.1/platform/service/sl_main/src/sl_main_kernel.o
                0x08202a40                sli_main_kernel_start_task_initialize
 .text.sl_main_kernel_start
                0x08202a74        0x4 ./simplicity_sdk_2025.6.1/platform/service/sl_main/src/sl_main_kernel.o
                0x08202a74                sl_main_kernel_start
 .text.sl_main_start_task_should_continue
                0x08202a78        0x4 ./simplicity_sdk_2025.6.1/platform/service/sl_main/src/sl_main_kernel.o
                0x08202a78                sl_main_start_task_should_continue
 .text.threading_mutex_fail
                0x08202a7c        0x6 ./simplicity_sdk_2025.6.1/util/third_party/mbedtls/library/threading.o
 .text.threading_mutex_dummy
                0x08202a82        0x2 ./simplicity_sdk_2025.6.1/util/third_party/mbedtls/library/threading.o
 .text.mbedtls_threading_set_alt
                0x08202a84       0x24 ./simplicity_sdk_2025.6.1/util/third_party/mbedtls/library/threading.o
                0x08202a84                mbedtls_threading_set_alt
 .text._DoInit  0x08202aa8       0x6c ./simplicity_sdk_2025.6.1/util/third_party/segger/systemview/SEGGER/SEGGER_RTT.o
 .text.SEGGER_RTT_ReadNoLock
                0x08202b14       0x94 ./simplicity_sdk_2025.6.1/util/third_party/segger/systemview/SEGGER/SEGGER_RTT.o
                0x08202b14                SEGGER_RTT_ReadNoLock
 .text.SEGGER_RTT_Read
                0x08202ba8       0x1c ./simplicity_sdk_2025.6.1/util/third_party/segger/systemview/SEGGER/SEGGER_RTT.o
                0x08202ba8                SEGGER_RTT_Read
 .text.SEGGER_RTT_ConfigDownBuffer
                0x08202bc4       0x68 ./simplicity_sdk_2025.6.1/util/third_party/segger/systemview/SEGGER/SEGGER_RTT.o
                0x08202bc4                SEGGER_RTT_ConfigDownBuffer
 .text.RSI_Board_Init
                0x08202c2c       0x5c ./wiseconnect3_sdk_3.5.1/components/board/silabs/src/rsi_board.o
                0x08202c2c                RSI_Board_Init
 .text.print_sl_ipv4_address
                0x08202c88       0x1c ./wiseconnect3_sdk_3.5.1/components/common/src/sl_utility.o
                0x08202c88                print_sl_ipv4_address
 .text.sli_little_to_big_endian
                0x08202ca4       0x2e ./wiseconnect3_sdk_3.5.1/components/common/src/sl_utility.o
                0x08202ca4                sli_little_to_big_endian
 *fill*         0x08202cd2        0x2 
 .text.sl_inet_ntop6
                0x08202cd4      0x144 ./wiseconnect3_sdk_3.5.1/components/common/src/sl_utility.o
                0x08202cd4                sl_inet_ntop6
 .text.print_sl_ipv6_address
                0x08202e18       0x2c ./wiseconnect3_sdk_3.5.1/components/common/src/sl_utility.o
                0x08202e18                print_sl_ipv6_address
 .text.print_sl_ip_address
                0x08202e44       0x16 ./wiseconnect3_sdk_3.5.1/components/common/src/sl_utility.o
                0x08202e44                print_sl_ip_address
 .text.sl_redirect_log
                0x08202e5a        0x6 ./wiseconnect3_sdk_3.5.1/components/common/src/sl_utility.o
                0x08202e5a                sl_redirect_log
 .text.init_ipmu_calib_data
                0x08202e60       0x54 ./wiseconnect3_sdk_3.5.1/components/device/silabs/si91x/mcu/core/chip/src/iPMU_prog/iPMU_dotc/ipmu_apis.o
                0x08202e60                init_ipmu_calib_data
 .text.program_ipmu_data
                0x08202eb4       0x54 ./wiseconnect3_sdk_3.5.1/components/device/silabs/si91x/mcu/core/chip/src/iPMU_prog/iPMU_dotc/ipmu_apis.o
                0x08202eb4                program_ipmu_data
 .text.ipmu_init_mcu
                0x08202f08       0x94 ./wiseconnect3_sdk_3.5.1/components/device/silabs/si91x/mcu/core/chip/src/iPMU_prog/iPMU_dotc/ipmu_apis.o
                0x08202f08                ipmu_init_mcu
 .text.ipmu_init
                0x08202f9c       0xa8 ./wiseconnect3_sdk_3.5.1/components/device/silabs/si91x/mcu/core/chip/src/iPMU_prog/iPMU_dotc/ipmu_apis.o
                0x08202f9c                ipmu_init
 .text.configure_ipmu_mode
                0x08203044       0x38 ./wiseconnect3_sdk_3.5.1/components/device/silabs/si91x/mcu/core/chip/src/iPMU_prog/iPMU_dotc/ipmu_apis.o
                0x08203044                configure_ipmu_mode
 .text.Default_Handler
                0x0820307c        0x2 ./wiseconnect3_sdk_3.5.1/components/device/silabs/si91x/mcu/core/chip/src/startup_si91x.o
                0x0820307c                DebugMon_Handler
                0x0820307c                IRQ031_Handler
                0x0820307c                HardFault_Handler
                0x0820307c                IRQ095_Handler
                0x0820307c                IRQ065_Handler
                0x0820307c                IRQ093_Handler
                0x0820307c                NMI_Handler
                0x0820307c                IRQ014_Handler
                0x0820307c                IRQ027_Handler
                0x0820307c                IRQ062_Handler
                0x0820307c                IRQ097_Handler
                0x0820307c                IRQ088_Handler
                0x0820307c                IRQ034_Handler
                0x0820307c                IRQ071_Handler
                0x0820307c                IRQ067_Handler
                0x0820307c                IRQ070_Handler
                0x0820307c                IRQ077_Handler
                0x0820307c                IRQ028_Handler
                0x0820307c                IRQ063_Handler
                0x0820307c                IRQ076_Handler
                0x0820307c                UsageFault_Handler
                0x0820307c                IRQ023_Handler
                0x0820307c                IRQ009_Handler
                0x0820307c                IRQ048_Handler
                0x0820307c                IRQ083_Handler
                0x0820307c                IRQ089_Handler
                0x0820307c                HIF1_IRQHandler
                0x0820307c                IRQ037_Handler
                0x0820307c                IRQ072_Handler
                0x0820307c                IRQ008_Handler
                0x0820307c                IRQ047_Handler
                0x0820307c                IRQ082_Handler
                0x0820307c                IRQ007_Handler
                0x0820307c                IRQ046_Handler
                0x0820307c                IRQ081_Handler
                0x0820307c                IRQ004_Handler
                0x0820307c                IRQ043_Handler
                0x0820307c                IRQ002_Handler
                0x0820307c                IRQ041_Handler
                0x0820307c                IRQ098_Handler
                0x0820307c                IRQ000_Handler
                0x0820307c                IRQ005_Handler
                0x0820307c                IRQ044_Handler
                0x0820307c                IRQ049_Handler
                0x0820307c                IRQ084_Handler
                0x0820307c                IRQ006_Handler
                0x0820307c                IRQ045_Handler
                0x0820307c                IRQ080_Handler
                0x0820307c                IRQ015_Handler
                0x0820307c                MemManage_Handler
                0x0820307c                HIF2_IRQHandler
                0x0820307c                IRQ001_Handler
                0x0820307c                IRQ040_Handler
                0x0820307c                IRQ068_Handler
                0x0820307c                IRQ096_Handler
                0x0820307c                IRQ003_Handler
                0x0820307c                IRQ024_Handler
                0x0820307c                IRQ016_Handler
                0x0820307c                IRQ090_Handler
                0x0820307c                IRQ078_Handler
                0x0820307c                IRQ032_Handler
                0x0820307c                IRQ020_Handler
                0x0820307c                IRQ073_Handler
                0x0820307c                IRQ092_Handler
                0x0820307c                IRQ087_Handler
                0x0820307c                IRQ026_Handler
                0x0820307c                IRQ025_Handler
                0x0820307c                IRQ060_Handler
                0x0820307c                IRQ085_Handler
                0x0820307c                IRQ030_Handler
                0x0820307c                IRQ029_Handler
                0x0820307c                IRQ064_Handler
                0x0820307c                IRQ066_Handler
                0x0820307c                IRQ017_Handler
                0x0820307c                IRQ091_Handler
                0x0820307c                BusFault_Handler
                0x0820307c                IRQ069_Handler
                0x0820307c                IRQ075_Handler
                0x0820307c                IRQ086_Handler
                0x0820307c                IRQ094_Handler
                0x0820307c                IRQ079_Handler
 .text.Default_Reset_Handler
                0x0820307e        0x2 ./wiseconnect3_sdk_3.5.1/components/device/silabs/si91x/mcu/core/chip/src/startup_si91x.o
                0x0820307e                Default_Reset_Handler
                0x0820307e                Reset_Handler
 .text.Copy_Table
                0x08203080       0x24 ./wiseconnect3_sdk_3.5.1/components/device/silabs/si91x/mcu/core/chip/src/startup_si91x.o
                0x08203080                Copy_Table
 .text.Zero_Table
                0x082030a4       0x24 ./wiseconnect3_sdk_3.5.1/components/device/silabs/si91x/mcu/core/chip/src/startup_si91x.o
                0x082030a4                Zero_Table
 .text.SystemCoreClockUpdate
                0x082030c8      0x128 ./wiseconnect3_sdk_3.5.1/components/device/silabs/si91x/mcu/core/chip/src/system_si91x.o
                0x082030c8                SystemCoreClockUpdate
 .text.fpuInit  0x082031f0       0x44 ./wiseconnect3_sdk_3.5.1/components/device/silabs/si91x/mcu/core/chip/src/system_si91x.o
                0x082031f0                fpuInit
 .text.SystemInit
                0x08203234       0xe4 ./wiseconnect3_sdk_3.5.1/components/device/silabs/si91x/mcu/core/chip/src/system_si91x.o
                0x08203234                SystemInit
 .text.__malloc_lock
                0x08203318       0x44 ./wiseconnect3_sdk_3.5.1/components/device/silabs/si91x/mcu/core/common/src/malloc_thread_safety.o
                0x08203318                __malloc_lock
 .text.__malloc_unlock
                0x0820335c       0x20 ./wiseconnect3_sdk_3.5.1/components/device/silabs/si91x/mcu/core/common/src/malloc_thread_safety.o
                0x0820335c                __malloc_unlock
 .text.ARM_UART_SignalEvent
                0x0820337c       0x24 ./wiseconnect3_sdk_3.5.1/components/device/silabs/si91x/mcu/core/common/src/rsi_debug.o
                0x0820337c                ARM_UART_SignalEvent
 .text.Board_Debug_Init
                0x082033a0       0x5c ./wiseconnect3_sdk_3.5.1/components/device/silabs/si91x/mcu/core/common/src/rsi_debug.o
                0x082033a0                Board_Debug_Init
 .text.Board_UARTGetChar
                0x082033fc       0x30 ./wiseconnect3_sdk_3.5.1/components/device/silabs/si91x/mcu/core/common/src/rsi_debug.o
                0x082033fc                Board_UARTGetChar
 .text.Board_UARTPutChar
                0x0820342c       0x30 ./wiseconnect3_sdk_3.5.1/components/device/silabs/si91x/mcu/core/common/src/rsi_debug.o
                0x0820342c                Board_UARTPutChar
 .text.read_exclude_space
                0x0820345c       0x20 ./wiseconnect3_sdk_3.5.1/components/device/silabs/si91x/mcu/core/common/src/syscalls.o
 .text._getpid  0x0820347c        0x4 ./wiseconnect3_sdk_3.5.1/components/device/silabs/si91x/mcu/core/common/src/syscalls.o
                0x0820347c                _getpid
 .text._kill    0x08203480       0x10 ./wiseconnect3_sdk_3.5.1/components/device/silabs/si91x/mcu/core/common/src/syscalls.o
                0x08203480                _kill
 .text._exit    0x08203490        0xc ./wiseconnect3_sdk_3.5.1/components/device/silabs/si91x/mcu/core/common/src/syscalls.o
                0x08203490                _exit
 .text._write   0x0820349c       0x44 ./wiseconnect3_sdk_3.5.1/components/device/silabs/si91x/mcu/core/common/src/syscalls.o
                0x0820349c                _write
 .text._close   0x082034e0        0x6 ./wiseconnect3_sdk_3.5.1/components/device/silabs/si91x/mcu/core/common/src/syscalls.o
                0x082034e0                _close
 .text._fstat   0x082034e6        0xa ./wiseconnect3_sdk_3.5.1/components/device/silabs/si91x/mcu/core/common/src/syscalls.o
                0x082034e6                _fstat
 .text._isatty  0x082034f0        0x4 ./wiseconnect3_sdk_3.5.1/components/device/silabs/si91x/mcu/core/common/src/syscalls.o
                0x082034f0                _isatty
 .text._lseek   0x082034f4        0x4 ./wiseconnect3_sdk_3.5.1/components/device/silabs/si91x/mcu/core/common/src/syscalls.o
                0x082034f4                _lseek
 .text._read    0x082034f8      0x300 ./wiseconnect3_sdk_3.5.1/components/device/silabs/si91x/mcu/core/common/src/syscalls.o
                0x082034f8                _read
 .text.sl_si91x_device_init_nvic
                0x082037f8       0x18 ./wiseconnect3_sdk_3.5.1/components/device/silabs/si91x/mcu/core/config/src/rsi_nvic_priorities_config.o
                0x082037f8                sl_si91x_device_init_nvic
 .text.ARM_USARTx_GetVersion
                0x08203810       0x20 ./wiseconnect3_sdk_3.5.1/components/device/silabs/si91x/mcu/drivers/cmsis_driver/USART.o
                0x08203810                ARM_USARTx_GetVersion
 .text.ARM_ULP_UART_GetCapabilities
                0x08203830        0xc ./wiseconnect3_sdk_3.5.1/components/device/silabs/si91x/mcu/drivers/cmsis_driver/USART.o
 .text.ARM_ULP_UART_GetModemStatus
                0x0820383c        0xc ./wiseconnect3_sdk_3.5.1/components/device/silabs/si91x/mcu/drivers/cmsis_driver/USART.o
 .text.ARM_ULP_UART_SetModemControl
                0x08203848        0xc ./wiseconnect3_sdk_3.5.1/components/device/silabs/si91x/mcu/drivers/cmsis_driver/USART.o
 .text.ARM_ULP_UART_GetStatus
                0x08203854        0xc ./wiseconnect3_sdk_3.5.1/components/device/silabs/si91x/mcu/drivers/cmsis_driver/USART.o
 .text.ARM_ULP_UART_Control
                0x08203860       0x34 ./wiseconnect3_sdk_3.5.1/components/device/silabs/si91x/mcu/drivers/cmsis_driver/USART.o
 .text.ARM_ULP_UART_GetRxCount
                0x08203894        0xc ./wiseconnect3_sdk_3.5.1/components/device/silabs/si91x/mcu/drivers/cmsis_driver/USART.o
 .text.ARM_ULP_UART_GetTxCount
                0x082038a0        0xc ./wiseconnect3_sdk_3.5.1/components/device/silabs/si91x/mcu/drivers/cmsis_driver/USART.o
 .text.ARM_ULP_UART_Transfer
                0x082038ac       0x54 ./wiseconnect3_sdk_3.5.1/components/device/silabs/si91x/mcu/drivers/cmsis_driver/USART.o
 .text.ARM_ULP_UART_Receive
                0x08203900       0x48 ./wiseconnect3_sdk_3.5.1/components/device/silabs/si91x/mcu/drivers/cmsis_driver/USART.o
 .text.ARM_ULP_UART_Send
                0x08203948       0x48 ./wiseconnect3_sdk_3.5.1/components/device/silabs/si91x/mcu/drivers/cmsis_driver/USART.o
 .text.ARM_ULP_UART_PowerControl
                0x08203990       0x18 ./wiseconnect3_sdk_3.5.1/components/device/silabs/si91x/mcu/drivers/cmsis_driver/USART.o
 .text.ARM_ULP_UART_Uninitialize
                0x082039a8       0x1c ./wiseconnect3_sdk_3.5.1/components/device/silabs/si91x/mcu/drivers/cmsis_driver/USART.o
 .text.ARM_ULP_UART_Initialize
                0x082039c4       0x30 ./wiseconnect3_sdk_3.5.1/components/device/silabs/si91x/mcu/drivers/cmsis_driver/USART.o
 .text.IRQ038_Handler
                0x082039f4        0xc ./wiseconnect3_sdk_3.5.1/components/device/silabs/si91x/mcu/drivers/cmsis_driver/USART.o
                0x082039f4                IRQ038_Handler
 .text.IRQ039_Handler
                0x08203a00        0xc ./wiseconnect3_sdk_3.5.1/components/device/silabs/si91x/mcu/drivers/cmsis_driver/USART.o
                0x08203a00                IRQ039_Handler
 .text.IRQ012_Handler
                0x08203a0c        0xc ./wiseconnect3_sdk_3.5.1/components/device/silabs/si91x/mcu/drivers/cmsis_driver/USART.o
                0x08203a0c                IRQ012_Handler
 .text.RSI_ULPUartHandler
                0x08203a18        0x4 ./wiseconnect3_sdk_3.5.1/components/device/silabs/si91x/mcu/drivers/cmsis_driver/USART.o
                0x08203a18                RSI_ULPUartHandler
 .text.sl_si91x_debug_swo_init
                0x08203a1c      0x14c ./wiseconnect3_sdk_3.5.1/components/device/silabs/si91x/mcu/drivers/debug/src/sl_si91x_debug_swo.o
                0x08203a1c                sl_si91x_debug_swo_init
 .text.sl_si91x_debug_swo_enable_itm
                0x08203b68       0x20 ./wiseconnect3_sdk_3.5.1/components/device/silabs/si91x/mcu/drivers/debug/src/sl_si91x_debug_swo.o
                0x08203b68                sl_si91x_debug_swo_enable_itm
 .text.sl_si91x_debug_swo_write_u8
                0x08203b88       0x4c ./wiseconnect3_sdk_3.5.1/components/device/silabs/si91x/mcu/drivers/debug/src/sl_si91x_debug_swo.o
                0x08203b88                sl_si91x_debug_swo_write_u8
 .text.RSI_AUX_RefVoltageConfig
                0x08203bd4       0xe8 ./wiseconnect3_sdk_3.5.1/components/device/silabs/si91x/mcu/drivers/peripheral_drivers/src/aux_reference_volt_config.o
                0x08203bd4                RSI_AUX_RefVoltageConfig
 .text.RSI_CLK_GetM4RefClock
                0x08203cbc       0x30 ./wiseconnect3_sdk_3.5.1/components/device/silabs/si91x/mcu/drivers/peripheral_drivers/src/clock_update.o
 .text.RSI_CLK_GetUlpssTouchClock
                0x08203cec       0x48 ./wiseconnect3_sdk_3.5.1/components/device/silabs/si91x/mcu/drivers/peripheral_drivers/src/clock_update.o
 .text.RSI_CLK_GetQspi2Clock
                0x08203d34       0x50 ./wiseconnect3_sdk_3.5.1/components/device/silabs/si91x/mcu/drivers/peripheral_drivers/src/clock_update.o
 .text.RSI_CLK_GetUart1Clock
                0x08203d84       0x74 ./wiseconnect3_sdk_3.5.1/components/device/silabs/si91x/mcu/drivers/peripheral_drivers/src/clock_update.o
 .text.RSI_CLK_GetBaseClock
                0x08203df8      0x334 ./wiseconnect3_sdk_3.5.1/components/device/silabs/si91x/mcu/drivers/peripheral_drivers/src/clock_update.o
                0x08203df8                RSI_CLK_GetBaseClock
 .text.RSI_EGPIO_HostPadsGpioModeDisable
                0x0820412c       0x10 ./wiseconnect3_sdk_3.5.1/components/device/silabs/si91x/mcu/drivers/peripheral_drivers/src/rsi_adc.o
 .text.RSI_EGPIO_PadReceiverDisable
                0x0820413c       0x10 ./wiseconnect3_sdk_3.5.1/components/device/silabs/si91x/mcu/drivers/peripheral_drivers/src/rsi_adc.o
 .text.RSI_EGPIO_UlpPadReceiverDisable
                0x0820414c       0x10 ./wiseconnect3_sdk_3.5.1/components/device/silabs/si91x/mcu/drivers/peripheral_drivers/src/rsi_adc.o
 .text.ADC_DMA_Transfer_Complete
                0x0820415c       0x10 ./wiseconnect3_sdk_3.5.1/components/device/silabs/si91x/mcu/drivers/peripheral_drivers/src/rsi_adc.o
                0x0820415c                ADC_DMA_Transfer_Complete
 .text.ADC_DMA_Error_Callback
                0x0820416c        0x4 ./wiseconnect3_sdk_3.5.1/components/device/silabs/si91x/mcu/drivers/peripheral_drivers/src/rsi_adc.o
                0x0820416c                ADC_DMA_Error_Callback
 .text.RSI_EGPIO_SetPinMux.constprop.0
                0x08204170       0x1c ./wiseconnect3_sdk_3.5.1/components/device/silabs/si91x/mcu/drivers/peripheral_drivers/src/rsi_adc.o
 .text.RSI_ADC_PowerControl.part.0
                0x0820418c       0x40 ./wiseconnect3_sdk_3.5.1/components/device/silabs/si91x/mcu/drivers/peripheral_drivers/src/rsi_adc.o
 .text.ADC_Start
                0x082041cc       0x38 ./wiseconnect3_sdk_3.5.1/components/device/silabs/si91x/mcu/drivers/peripheral_drivers/src/rsi_adc.o
                0x082041cc                ADC_Start
 .text.cal_adc_channel_offset
                0x08204204       0xa4 ./wiseconnect3_sdk_3.5.1/components/device/silabs/si91x/mcu/drivers/peripheral_drivers/src/rsi_adc.o
                0x08204204                cal_adc_channel_offset
 .text.check_power_two
                0x082042a8       0x12 ./wiseconnect3_sdk_3.5.1/components/device/silabs/si91x/mcu/drivers/peripheral_drivers/src/rsi_adc.o
                0x082042a8                check_power_two
 .text.roundupto_pwr2
                0x082042ba       0x1e ./wiseconnect3_sdk_3.5.1/components/device/silabs/si91x/mcu/drivers/peripheral_drivers/src/rsi_adc.o
                0x082042ba                roundupto_pwr2
 .text.config_ch_freq
                0x082042d8      0x160 ./wiseconnect3_sdk_3.5.1/components/device/silabs/si91x/mcu/drivers/peripheral_drivers/src/rsi_adc.o
 .text.max_sample_rate_achive
                0x08204438       0x30 ./wiseconnect3_sdk_3.5.1/components/device/silabs/si91x/mcu/drivers/peripheral_drivers/src/rsi_adc.o
                0x08204438                max_sample_rate_achive
 .text.get_min_sampling_time
                0x08204468      0x2a0 ./wiseconnect3_sdk_3.5.1/components/device/silabs/si91x/mcu/drivers/peripheral_drivers/src/rsi_adc.o
                0x08204468                get_min_sampling_time
 .text.ADC_PinMux
                0x08204708      0x39c ./wiseconnect3_sdk_3.5.1/components/device/silabs/si91x/mcu/drivers/peripheral_drivers/src/rsi_adc.o
                0x08204708                ADC_PinMux
 .text.RSI_ADC_PingPongMemoryAdrConfig
                0x08204aa4       0xe0 ./wiseconnect3_sdk_3.5.1/components/device/silabs/si91x/mcu/drivers/peripheral_drivers/src/rsi_adc.o
                0x08204aa4                RSI_ADC_PingPongMemoryAdrConfig
 .text.RSI_ADC_PingPongReInit
                0x08204b84       0x60 ./wiseconnect3_sdk_3.5.1/components/device/silabs/si91x/mcu/drivers/peripheral_drivers/src/rsi_adc.o
                0x08204b84                RSI_ADC_PingPongReInit
 .text.RSI_ADC_Calibration
                0x08204be4       0xb8 ./wiseconnect3_sdk_3.5.1/components/device/silabs/si91x/mcu/drivers/peripheral_drivers/src/rsi_adc.o
                0x08204be4                RSI_ADC_Calibration
 .text.ADC_Init
                0x08204c9c      0x140 ./wiseconnect3_sdk_3.5.1/components/device/silabs/si91x/mcu/drivers/peripheral_drivers/src/rsi_adc.o
                0x08204c9c                ADC_Init
 .text.ADC_Per_Channel_Init
                0x08204ddc      0x144 ./wiseconnect3_sdk_3.5.1/components/device/silabs/si91x/mcu/drivers/peripheral_drivers/src/rsi_adc.o
                0x08204ddc                ADC_Per_Channel_Init
 .text.RSI_ADC_PingpongEnable
                0x08204f20       0x28 ./wiseconnect3_sdk_3.5.1/components/device/silabs/si91x/mcu/drivers/peripheral_drivers/src/rsi_adc.o
                0x08204f20                RSI_ADC_PingpongEnable
 .text.RSI_ADC_InternalPerChnlDmaEnable
                0x08204f48       0x2a ./wiseconnect3_sdk_3.5.1/components/device/silabs/si91x/mcu/drivers/peripheral_drivers/src/rsi_adc.o
                0x08204f48                RSI_ADC_InternalPerChnlDmaEnable
 .text.RSI_ADC_ChannelConfig
                0x08204f72       0x68 ./wiseconnect3_sdk_3.5.1/components/device/silabs/si91x/mcu/drivers/peripheral_drivers/src/rsi_adc.o
                0x08204f72                RSI_ADC_ChannelConfig
 *fill*         0x08204fda        0x2 
 .text.RSI_ADC_Stop
                0x08204fdc       0x2c ./wiseconnect3_sdk_3.5.1/components/device/silabs/si91x/mcu/drivers/peripheral_drivers/src/rsi_adc.o
                0x08204fdc                RSI_ADC_Stop
 .text.ADC_Stop
                0x08205008       0x10 ./wiseconnect3_sdk_3.5.1/components/device/silabs/si91x/mcu/drivers/peripheral_drivers/src/rsi_adc.o
                0x08205008                ADC_Stop
 .text.RSI_ADC_ChnlEnable
                0x08205018       0x40 ./wiseconnect3_sdk_3.5.1/components/device/silabs/si91x/mcu/drivers/peripheral_drivers/src/rsi_adc.o
                0x08205018                RSI_ADC_ChnlEnable
 .text.RSI_ADC_ClkDivfactor
                0x08205058       0x34 ./wiseconnect3_sdk_3.5.1/components/device/silabs/si91x/mcu/drivers/peripheral_drivers/src/rsi_adc.o
                0x08205058                RSI_ADC_ClkDivfactor
 .text.RSI_ADC_ChnlIntrUnMask
                0x0820508c       0x58 ./wiseconnect3_sdk_3.5.1/components/device/silabs/si91x/mcu/drivers/peripheral_drivers/src/rsi_adc.o
                0x0820508c                RSI_ADC_ChnlIntrUnMask
 .text.RSI_ADC_ChnlIntrClr
                0x082050e4       0x36 ./wiseconnect3_sdk_3.5.1/components/device/silabs/si91x/mcu/drivers/peripheral_drivers/src/rsi_adc.o
                0x082050e4                RSI_ADC_ChnlIntrClr
 *fill*         0x0820511a        0x2 
 .text.RSI_ADC_PowerControl
                0x0820511c       0x54 ./wiseconnect3_sdk_3.5.1/components/device/silabs/si91x/mcu/drivers/peripheral_drivers/src/rsi_adc.o
                0x0820511c                RSI_ADC_PowerControl
 .text.ADC_Deinit
                0x08205170       0x3c ./wiseconnect3_sdk_3.5.1/components/device/silabs/si91x/mcu/drivers/peripheral_drivers/src/rsi_adc.o
                0x08205170                ADC_Deinit
 .text.RSI_ADC_NoiseAvgMode
                0x082051ac       0x20 ./wiseconnect3_sdk_3.5.1/components/device/silabs/si91x/mcu/drivers/peripheral_drivers/src/rsi_adc.o
                0x082051ac                RSI_ADC_NoiseAvgMode
 .text.ADC_ChannelConfig
                0x082051cc      0x32c ./wiseconnect3_sdk_3.5.1/components/device/silabs/si91x/mcu/drivers/peripheral_drivers/src/rsi_adc.o
                0x082051cc                ADC_ChannelConfig
 .text.ADC_Per_ChannelConfig
                0x082054f8      0x38c ./wiseconnect3_sdk_3.5.1/components/device/silabs/si91x/mcu/drivers/peripheral_drivers/src/rsi_adc.o
                0x082054f8                ADC_Per_ChannelConfig
 .text.RSI_ADC_TempSensorEnable
                0x08205884       0x10 ./wiseconnect3_sdk_3.5.1/components/device/silabs/si91x/mcu/drivers/peripheral_drivers/src/rsi_adc.o
                0x08205884                RSI_ADC_TempSensorEnable
 .text.RSI_ADC_InterruptHandler
                0x08205894       0xf4 ./wiseconnect3_sdk_3.5.1/components/device/silabs/si91x/mcu/drivers/peripheral_drivers/src/rsi_adc.o
                0x08205894                RSI_ADC_InterruptHandler
 .text.IRQ011_Handler
                0x08205988        0xc ./wiseconnect3_sdk_3.5.1/components/device/silabs/si91x/mcu/drivers/peripheral_drivers/src/rsi_adc.o
                0x08205988                IRQ011_Handler
 .text.RSI_ADC_GainOffsetCal
                0x08205994       0x6c ./wiseconnect3_sdk_3.5.1/components/device/silabs/si91x/mcu/drivers/peripheral_drivers/src/rsi_adc.o
                0x08205994                RSI_ADC_GainOffsetCal
 .text.RSI_ADC_ReadDataStatic
                0x08205a00       0x14 ./wiseconnect3_sdk_3.5.1/components/device/silabs/si91x/mcu/drivers/peripheral_drivers/src/rsi_adc.o
                0x08205a00                RSI_ADC_ReadDataStatic
 .text.RSI_DAC_InterruptMask
                0x08205a14       0x1e ./wiseconnect3_sdk_3.5.1/components/device/silabs/si91x/mcu/drivers/peripheral_drivers/src/rsi_dac.o
                0x08205a14                RSI_DAC_InterruptMask
 .text.RSI_OPAMP1_Config
                0x08205a32       0xc6 ./wiseconnect3_sdk_3.5.1/components/device/silabs/si91x/mcu/drivers/peripheral_drivers/src/rsi_opamp.o
                0x08205a32                RSI_OPAMP1_Config
 .text.RSI_EGPIO_SetPinMux
                0x08205af8       0x14 ./wiseconnect3_sdk_3.5.1/components/device/silabs/si91x/mcu/drivers/peripheral_drivers/src/rsi_usart.o
 .text.RSI_EGPIO_UlpPadDriverDisableState.constprop.0
                0x08205b0c       0x10 ./wiseconnect3_sdk_3.5.1/components/device/silabs/si91x/mcu/drivers/peripheral_drivers/src/rsi_usart.o
 .text.RSI_EGPIO_UlpSocGpioMode.constprop.0
                0x08205b1c       0x18 ./wiseconnect3_sdk_3.5.1/components/device/silabs/si91x/mcu/drivers/peripheral_drivers/src/rsi_usart.o
 .text.UDMAx_ChannelDisable.isra.0
                0x08205b34        0xc ./wiseconnect3_sdk_3.5.1/components/device/silabs/si91x/mcu/drivers/peripheral_drivers/src/rsi_usart.o
 .text.configure_usart_gpio_pin
                0x08205b40      0x194 ./wiseconnect3_sdk_3.5.1/components/device/silabs/si91x/mcu/drivers/peripheral_drivers/src/rsi_usart.o
 .text.UartIrqHandler
                0x08205cd4      0x200 ./wiseconnect3_sdk_3.5.1/components/device/silabs/si91x/mcu/drivers/peripheral_drivers/src/rsi_usart.o
                0x08205cd4                UartIrqHandler
 .text.USART_SetBaudrate
                0x08205ed4       0x50 ./wiseconnect3_sdk_3.5.1/components/device/silabs/si91x/mcu/drivers/peripheral_drivers/src/rsi_usart.o
                0x08205ed4                USART_SetBaudrate
 .text.USART_Initialize
                0x08205f24      0x120 ./wiseconnect3_sdk_3.5.1/components/device/silabs/si91x/mcu/drivers/peripheral_drivers/src/rsi_usart.o
                0x08205f24                USART_Initialize
 .text.USART_Uninitialize
                0x08206044       0xa0 ./wiseconnect3_sdk_3.5.1/components/device/silabs/si91x/mcu/drivers/peripheral_drivers/src/rsi_usart.o
                0x08206044                USART_Uninitialize
 .text.USART_PowerControl
                0x082060e4      0x150 ./wiseconnect3_sdk_3.5.1/components/device/silabs/si91x/mcu/drivers/peripheral_drivers/src/rsi_usart.o
                0x082060e4                USART_PowerControl
 .text.USART_Send_Data
                0x08206234      0x15c ./wiseconnect3_sdk_3.5.1/components/device/silabs/si91x/mcu/drivers/peripheral_drivers/src/rsi_usart.o
                0x08206234                USART_Send_Data
 .text.USART_Receive_Data
                0x08206390      0x13c ./wiseconnect3_sdk_3.5.1/components/device/silabs/si91x/mcu/drivers/peripheral_drivers/src/rsi_usart.o
                0x08206390                USART_Receive_Data
 .text.USART_Transfer
                0x082064cc       0x72 ./wiseconnect3_sdk_3.5.1/components/device/silabs/si91x/mcu/drivers/peripheral_drivers/src/rsi_usart.o
                0x082064cc                USART_Transfer
 .text.USART_GetTxCount
                0x0820653e        0x6 ./wiseconnect3_sdk_3.5.1/components/device/silabs/si91x/mcu/drivers/peripheral_drivers/src/rsi_usart.o
                0x0820653e                USART_GetTxCount
 .text.USART_GetRxCount
                0x08206544        0x6 ./wiseconnect3_sdk_3.5.1/components/device/silabs/si91x/mcu/drivers/peripheral_drivers/src/rsi_usart.o
                0x08206544                USART_GetRxCount
 *fill*         0x0820654a        0x2 
 .text.USART_Control
                0x0820654c      0x47c ./wiseconnect3_sdk_3.5.1/components/device/silabs/si91x/mcu/drivers/peripheral_drivers/src/rsi_usart.o
                0x0820654c                USART_Control
 .text.USART_GetStatus
                0x082069c8       0x42 ./wiseconnect3_sdk_3.5.1/components/device/silabs/si91x/mcu/drivers/peripheral_drivers/src/rsi_usart.o
                0x082069c8                USART_GetStatus
 *fill*         0x08206a0a        0x2 
 .text.USART_SetModemControl
                0x08206a0c       0x80 ./wiseconnect3_sdk_3.5.1/components/device/silabs/si91x/mcu/drivers/peripheral_drivers/src/rsi_usart.o
                0x08206a0c                USART_SetModemControl
 .text.USART_GetModemStatus
                0x08206a8c       0x60 ./wiseconnect3_sdk_3.5.1/components/device/silabs/si91x/mcu/drivers/peripheral_drivers/src/rsi_usart.o
                0x08206a8c                USART_GetModemStatus
 .text.convert_rsi_to_sl_error_code
                0x08206aec       0x58 ./wiseconnect3_sdk_3.5.1/components/device/silabs/si91x/mcu/drivers/service/clock_manager/src/sl_si91x_clock_manager.o
 .text.RSI_CLK_IntfPLLTurnOn.isra.0
                0x08206b44        0xc ./wiseconnect3_sdk_3.5.1/components/device/silabs/si91x/mcu/drivers/service/clock_manager/src/sl_si91x_clock_manager.o
 .text.RSI_CLK_I2sPllTurnOn.isra.0
                0x08206b50        0xc ./wiseconnect3_sdk_3.5.1/components/device/silabs/si91x/mcu/drivers/service/clock_manager/src/sl_si91x_clock_manager.o
 .text.RSI_CLK_SocPllTurnOn.isra.0
                0x08206b5c        0xc ./wiseconnect3_sdk_3.5.1/components/device/silabs/si91x/mcu/drivers/service/clock_manager/src/sl_si91x_clock_manager.o
 .text.sl_si91x_clock_manager_set_pll_freq
                0x08206b68      0x150 ./wiseconnect3_sdk_3.5.1/components/device/silabs/si91x/mcu/drivers/service/clock_manager/src/sl_si91x_clock_manager.o
                0x08206b68                sl_si91x_clock_manager_set_pll_freq
 .text.sl_si91x_clock_manager_m4_set_core_clk.part.0
                0x08206cb8       0x8c ./wiseconnect3_sdk_3.5.1/components/device/silabs/si91x/mcu/drivers/service/clock_manager/src/sl_si91x_clock_manager.o
 .text.sl_si91x_clock_manager_init
                0x08206d44       0x2c ./wiseconnect3_sdk_3.5.1/components/device/silabs/si91x/mcu/drivers/service/clock_manager/src/sl_si91x_clock_manager.o
                0x08206d44                sl_si91x_clock_manager_init
 .text.sl_si91x_clock_manager_m4_get_core_clk_src_freq
                0x08206d70       0x18 ./wiseconnect3_sdk_3.5.1/components/device/silabs/si91x/mcu/drivers/service/clock_manager/src/sl_si91x_clock_manager.o
                0x08206d70                sl_si91x_clock_manager_m4_get_core_clk_src_freq
 .text.sl_si91x_iostream_debug_init
                0x08206d88       0x28 ./wiseconnect3_sdk_3.5.1/components/device/silabs/si91x/mcu/drivers/service/iostream/src/sl_si91x_iostream_debug.o
                0x08206d88                sl_si91x_iostream_debug_init
 .text.debug_write
                0x08206db0       0x24 ./wiseconnect3_sdk_3.5.1/components/device/silabs/si91x/mcu/drivers/service/iostream/src/sl_si91x_iostream_debug.o
 .text.sli_si91x_iostream_swo_itm_8_init
                0x08206dd4        0xc ./wiseconnect3_sdk_3.5.1/components/device/silabs/si91x/mcu/drivers/service/iostream/src/sl_si91x_iostream_swo_itm_8.o
                0x08206dd4                sli_si91x_iostream_swo_itm_8_init
 .text.sli_si91x_iostream_swo_itm_8_write
                0x08206de0       0x76 ./wiseconnect3_sdk_3.5.1/components/device/silabs/si91x/mcu/drivers/service/iostream/src/sl_si91x_iostream_swo_itm_8.o
                0x08206de0                sli_si91x_iostream_swo_itm_8_write
 .text.vuart_read
                0x08206e56       0x16 ./wiseconnect3_sdk_3.5.1/components/device/silabs/si91x/mcu/drivers/service/iostream/src/sl_si91x_iostream_vuart.o
 .text.sl_si91x_iostream_vuart_init
                0x08206e6c       0x4c ./wiseconnect3_sdk_3.5.1/components/device/silabs/si91x/mcu/drivers/service/iostream/src/sl_si91x_iostream_vuart.o
                0x08206e6c                sl_si91x_iostream_vuart_init
 .text.vuart_write
                0x08206eb8       0x20 ./wiseconnect3_sdk_3.5.1/components/device/silabs/si91x/mcu/drivers/service/iostream/src/sl_si91x_iostream_vuart.o
 .text.RSI_BOD_IntrClr
                0x08206ed8       0x1c ./wiseconnect3_sdk_3.5.1/components/device/silabs/si91x/mcu/drivers/systemlevel/src/rsi_bod.o
                0x08206ed8                RSI_BOD_IntrClr
 .text.RSI_BOD_SoftTriggerGetBatteryStatus
                0x08206ef4       0xc8 ./wiseconnect3_sdk_3.5.1/components/device/silabs/si91x/mcu/drivers/systemlevel/src/rsi_bod.o
                0x08206ef4                RSI_BOD_SoftTriggerGetBatteryStatus
 .text.RSI_IPMU_UpdateIpmuCalibData_efuse
                0x08206fbc      0x300 ./wiseconnect3_sdk_3.5.1/components/device/silabs/si91x/mcu/drivers/systemlevel/src/rsi_ipmu.o
                0x08206fbc                RSI_IPMU_UpdateIpmuCalibData_efuse
 .text.RSI_Ipmu_Init
                0x082072bc        0x4 ./wiseconnect3_sdk_3.5.1/components/device/silabs/si91x/mcu/drivers/systemlevel/src/rsi_ipmu.o
                0x082072bc                RSI_Ipmu_Init
 .text.RSI_Configure_Ipmu_Mode
                0x082072c0       0x74 ./wiseconnect3_sdk_3.5.1/components/device/silabs/si91x/mcu/drivers/systemlevel/src/rsi_ipmu.o
                0x082072c0                RSI_Configure_Ipmu_Mode
 .text.RSI_IPMU_PowerGateSet
                0x08207334       0x34 ./wiseconnect3_sdk_3.5.1/components/device/silabs/si91x/mcu/drivers/systemlevel/src/rsi_ipmu.o
                0x08207334                RSI_IPMU_PowerGateSet
 .text.RSI_IPMU_PowerGateClr
                0x08207368       0x4c ./wiseconnect3_sdk_3.5.1/components/device/silabs/si91x/mcu/drivers/systemlevel/src/rsi_ipmu.o
                0x08207368                RSI_IPMU_PowerGateClr
 .text.RSI_IPMU_ClockMuxSel
                0x082073b4       0x40 ./wiseconnect3_sdk_3.5.1/components/device/silabs/si91x/mcu/drivers/systemlevel/src/rsi_ipmu.o
                0x082073b4                RSI_IPMU_ClockMuxSel
 .text.RSI_IPMU_ProgramConfigData
                0x082073f4       0x6e ./wiseconnect3_sdk_3.5.1/components/device/silabs/si91x/mcu/drivers/systemlevel/src/rsi_ipmu.o
                0x082073f4                RSI_IPMU_ProgramConfigData
 .text.RSI_APB_ProgramConfigData
                0x08207462       0x4a ./wiseconnect3_sdk_3.5.1/components/device/silabs/si91x/mcu/drivers/systemlevel/src/rsi_ipmu.o
                0x08207462                RSI_APB_ProgramConfigData
 .text.RSI_IPMU_Retn_Voltage_To_Default
                0x082074ac       0x10 ./wiseconnect3_sdk_3.5.1/components/device/silabs/si91x/mcu/drivers/systemlevel/src/rsi_ipmu.o
                0x082074ac                RSI_IPMU_Retn_Voltage_To_Default
 .text.RSI_IPMU_Set_Higher_Pwm_Ro_Frequency_Mode_to_PMU
                0x082074bc       0x14 ./wiseconnect3_sdk_3.5.1/components/device/silabs/si91x/mcu/drivers/systemlevel/src/rsi_ipmu.o
                0x082074bc                RSI_IPMU_Set_Higher_Pwm_Ro_Frequency_Mode_to_PMU
 .text.RSI_IPMU_M32rc_OscTrimEfuse
                0x082074d0       0x28 ./wiseconnect3_sdk_3.5.1/components/device/silabs/si91x/mcu/drivers/systemlevel/src/rsi_ipmu.o
                0x082074d0                RSI_IPMU_M32rc_OscTrimEfuse
 .text.RSI_IPMU_DBLR32M_TrimEfuse
                0x082074f8       0x18 ./wiseconnect3_sdk_3.5.1/components/device/silabs/si91x/mcu/drivers/systemlevel/src/rsi_ipmu.o
                0x082074f8                RSI_IPMU_DBLR32M_TrimEfuse
 .text.RSI_IPMU_M20roOsc_TrimEfuse
                0x08207510       0x28 ./wiseconnect3_sdk_3.5.1/components/device/silabs/si91x/mcu/drivers/systemlevel/src/rsi_ipmu.o
                0x08207510                RSI_IPMU_M20roOsc_TrimEfuse
 .text.RSI_IPMU_RO32khz_TrimEfuse
                0x08207538       0x18 ./wiseconnect3_sdk_3.5.1/components/device/silabs/si91x/mcu/drivers/systemlevel/src/rsi_ipmu.o
                0x08207538                RSI_IPMU_RO32khz_TrimEfuse
 .text.RSI_IPMU_RC32khz_TrimEfuse
                0x08207550       0x18 ./wiseconnect3_sdk_3.5.1/components/device/silabs/si91x/mcu/drivers/systemlevel/src/rsi_ipmu.o
                0x08207550                RSI_IPMU_RC32khz_TrimEfuse
 .text.RSI_IPMU_Vbg_Tsbjt_Efuse
                0x08207568        0xc ./wiseconnect3_sdk_3.5.1/components/device/silabs/si91x/mcu/drivers/systemlevel/src/rsi_ipmu.o
                0x08207568                RSI_IPMU_Vbg_Tsbjt_Efuse
 .text.RSI_IPMU_Auxadcoff_DiffEfuse
                0x08207574        0xc ./wiseconnect3_sdk_3.5.1/components/device/silabs/si91x/mcu/drivers/systemlevel/src/rsi_ipmu.o
                0x08207574                RSI_IPMU_Auxadcoff_DiffEfuse
 .text.RSI_IPMU_Auxadcgain_DiffEfuse
                0x08207580        0xc ./wiseconnect3_sdk_3.5.1/components/device/silabs/si91x/mcu/drivers/systemlevel/src/rsi_ipmu.o
                0x08207580                RSI_IPMU_Auxadcgain_DiffEfuse
 .text.RSI_IPMU_Auxadcoff_SeEfuse
                0x0820758c        0xc ./wiseconnect3_sdk_3.5.1/components/device/silabs/si91x/mcu/drivers/systemlevel/src/rsi_ipmu.o
                0x0820758c                RSI_IPMU_Auxadcoff_SeEfuse
 .text.RSI_IPMU_Auxadcgain_SeEfuse
                0x08207598        0xc ./wiseconnect3_sdk_3.5.1/components/device/silabs/si91x/mcu/drivers/systemlevel/src/rsi_ipmu.o
                0x08207598                RSI_IPMU_Auxadcgain_SeEfuse
 .text.RSI_IPMU_Delvbe_Tsbjt_Efuse
                0x082075a4        0xc ./wiseconnect3_sdk_3.5.1/components/device/silabs/si91x/mcu/drivers/systemlevel/src/rsi_ipmu.o
                0x082075a4                RSI_IPMU_Delvbe_Tsbjt_Efuse
 .text._usdelay
                0x082075b0        0x6 ./wiseconnect3_sdk_3.5.1/components/device/silabs/si91x/mcu/drivers/systemlevel/src/rsi_pll.o
 *fill*         0x082075b6        0x2 
 .text.clk_m4_soc_clk_config
                0x082075b8       0xc8 ./wiseconnect3_sdk_3.5.1/components/device/silabs/si91x/mcu/drivers/systemlevel/src/rsi_pll.o
                0x082075b8                clk_m4_soc_clk_config
 .text.ulpss_enable_ref_clks
                0x08207680       0xf8 ./wiseconnect3_sdk_3.5.1/components/device/silabs/si91x/mcu/drivers/systemlevel/src/rsi_pll.o
                0x08207680                ulpss_enable_ref_clks
 .text.clk_m4ss_ref_clk_config
                0x08207778       0xcc ./wiseconnect3_sdk_3.5.1/components/device/silabs/si91x/mcu/drivers/systemlevel/src/rsi_pll.o
                0x08207778                clk_m4ss_ref_clk_config
 .text.ulpss_ref_clk_config
                0x08207844       0xbc ./wiseconnect3_sdk_3.5.1/components/device/silabs/si91x/mcu/drivers/systemlevel/src/rsi_ulpss_clk.o
                0x08207844                ulpss_ref_clk_config
 .text.convert_rsi_to_sl_error_code
                0x08207900       0x58 ./wiseconnect3_sdk_3.5.1/components/device/silabs/si91x/mcu/drivers/unified_api/src/sl_si91x_adc.o
 .text.validate_adc_parameters
                0x08207958       0x18 ./wiseconnect3_sdk_3.5.1/components/device/silabs/si91x/mcu/drivers/unified_api/src/sl_si91x_adc.o
 .text.validate_adc_channel_parameters
                0x08207970       0xa4 ./wiseconnect3_sdk_3.5.1/components/device/silabs/si91x/mcu/drivers/unified_api/src/sl_si91x_adc.o
 .text.callback_event_handler
                0x08207a14       0x14 ./wiseconnect3_sdk_3.5.1/components/device/silabs/si91x/mcu/drivers/unified_api/src/sl_si91x_adc.o
 .text.sl_si91x_adc_get_chip_voltage
                0x08207a28       0x34 ./wiseconnect3_sdk_3.5.1/components/device/silabs/si91x/mcu/drivers/unified_api/src/sl_si91x_adc.o
                0x08207a28                sl_si91x_adc_get_chip_voltage
 .text.sl_si91x_adc_init
                0x08207a5c      0x118 ./wiseconnect3_sdk_3.5.1/components/device/silabs/si91x/mcu/drivers/unified_api/src/sl_si91x_adc.o
                0x08207a5c                sl_si91x_adc_init
 .text.sl_si91x_adc_set_channel_configuration
                0x08207b74       0x70 ./wiseconnect3_sdk_3.5.1/components/device/silabs/si91x/mcu/drivers/unified_api/src/sl_si91x_adc.o
                0x08207b74                sl_si91x_adc_set_channel_configuration
 .text.sl_si91x_adc_register_event_callback
                0x08207be4       0x1c ./wiseconnect3_sdk_3.5.1/components/device/silabs/si91x/mcu/drivers/unified_api/src/sl_si91x_adc.o
                0x08207be4                sl_si91x_adc_register_event_callback
 .text.sl_si91x_adc_temperature_sensor_enable
                0x08207c00       0x14 ./wiseconnect3_sdk_3.5.1/components/device/silabs/si91x/mcu/drivers/unified_api/src/sl_si91x_adc.o
                0x08207c00                sl_si91x_adc_temperature_sensor_enable
 .text.sl_si91x_adc_start
                0x08207c14       0x1e ./wiseconnect3_sdk_3.5.1/components/device/silabs/si91x/mcu/drivers/unified_api/src/sl_si91x_adc.o
                0x08207c14                sl_si91x_adc_start
 .text.sl_si91x_adc_stop
                0x08207c32       0x1e ./wiseconnect3_sdk_3.5.1/components/device/silabs/si91x/mcu/drivers/unified_api/src/sl_si91x_adc.o
                0x08207c32                sl_si91x_adc_stop
 .text.sl_si91x_adc_deinit
                0x08207c50       0x28 ./wiseconnect3_sdk_3.5.1/components/device/silabs/si91x/mcu/drivers/unified_api/src/sl_si91x_adc.o
                0x08207c50                sl_si91x_adc_deinit
 .text.callback_event
                0x08207c78       0x10 ./wiseconnect3_sdk_3.5.1/components/device/silabs/si91x/mcu/drivers/unified_api/src/sl_si91x_bjt_temperature_sensor.o
 .text.validate_bjt_channel_parameters
                0x08207c88       0x28 ./wiseconnect3_sdk_3.5.1/components/device/silabs/si91x/mcu/drivers/unified_api/src/sl_si91x_bjt_temperature_sensor.o
 .text.sl_si91x_bjt_temperature_sensor_init
                0x08207cb0       0x8c ./wiseconnect3_sdk_3.5.1/components/device/silabs/si91x/mcu/drivers/unified_api/src/sl_si91x_bjt_temperature_sensor.o
                0x08207cb0                sl_si91x_bjt_temperature_sensor_init
 .text.sl_si91x_bjt_temperature_sensor_bg_set_channel_configuration
                0x08207d3c       0x68 ./wiseconnect3_sdk_3.5.1/components/device/silabs/si91x/mcu/drivers/unified_api/src/sl_si91x_bjt_temperature_sensor.o
                0x08207d3c                sl_si91x_bjt_temperature_sensor_bg_set_channel_configuration
 .text.sl_si91x_bjt_temperature_sensor_set_channel_configuration
                0x08207da4       0x4c ./wiseconnect3_sdk_3.5.1/components/device/silabs/si91x/mcu/drivers/unified_api/src/sl_si91x_bjt_temperature_sensor.o
                0x08207da4                sl_si91x_bjt_temperature_sensor_set_channel_configuration
 .text.sl_si91x_bjt_temperature_sensor_read_data
                0x08207df0      0x160 ./wiseconnect3_sdk_3.5.1/components/device/silabs/si91x/mcu/drivers/unified_api/src/sl_si91x_bjt_temperature_sensor.o
                0x08207df0                sl_si91x_bjt_temperature_sensor_read_data
 .text.sl_si91x_bjt_temperature_sensor_deinit
                0x08207f50       0x44 ./wiseconnect3_sdk_3.5.1/components/device/silabs/si91x/mcu/drivers/unified_api/src/sl_si91x_bjt_temperature_sensor.o
                0x08207f50                sl_si91x_bjt_temperature_sensor_deinit
 .text.sl_si91x_dma_init
                0x08207f94       0x70 ./wiseconnect3_sdk_3.5.1/components/device/silabs/si91x/mcu/drivers/unified_api/src/sl_si91x_dma.o
                0x08207f94                sl_si91x_dma_init
 .text.sl_si91x_dma_allocate_channel
                0x08208004       0xdc ./wiseconnect3_sdk_3.5.1/components/device/silabs/si91x/mcu/drivers/unified_api/src/sl_si91x_dma.o
                0x08208004                sl_si91x_dma_allocate_channel
 .text.sl_si91x_dma_register_callbacks
                0x082080e0       0x5c ./wiseconnect3_sdk_3.5.1/components/device/silabs/si91x/mcu/drivers/unified_api/src/sl_si91x_dma.o
                0x082080e0                sl_si91x_dma_register_callbacks
 .text.sl_si91x_dma_unregister_callbacks
                0x0820813c       0x88 ./wiseconnect3_sdk_3.5.1/components/device/silabs/si91x/mcu/drivers/unified_api/src/sl_si91x_dma.o
                0x0820813c                sl_si91x_dma_unregister_callbacks
 .text.sl_gpio_clear_interrupts
                0x082081c4       0x14 ./wiseconnect3_sdk_3.5.1/components/device/silabs/si91x/mcu/drivers/unified_api/src/sl_si91x_driver_gpio.o
 .text.sl_si91x_gpio_driver_enable_pad_receiver
                0x082081d8       0x12 ./wiseconnect3_sdk_3.5.1/components/device/silabs/si91x/mcu/drivers/unified_api/src/sl_si91x_driver_gpio.o
                0x082081d8                sl_si91x_gpio_driver_enable_pad_receiver
 .text.sl_si91x_gpio_driver_enable_pad_selection
                0x082081ea       0x12 ./wiseconnect3_sdk_3.5.1/components/device/silabs/si91x/mcu/drivers/unified_api/src/sl_si91x_driver_gpio.o
                0x082081ea                sl_si91x_gpio_driver_enable_pad_selection
 .text.sl_si91x_gpio_driver_enable_host_pad_selection
                0x082081fc       0x16 ./wiseconnect3_sdk_3.5.1/components/device/silabs/si91x/mcu/drivers/unified_api/src/sl_si91x_driver_gpio.o
                0x082081fc                sl_si91x_gpio_driver_enable_host_pad_selection
 .text.sl_si91x_gpio_driver_enable_ulp_pad_receiver
                0x08208212       0x12 ./wiseconnect3_sdk_3.5.1/components/device/silabs/si91x/mcu/drivers/unified_api/src/sl_si91x_driver_gpio.o
                0x08208212                sl_si91x_gpio_driver_enable_ulp_pad_receiver
 .text.sl_si91x_gpio_driver_set_uulp_npss_pin_mux
                0x08208224       0x16 ./wiseconnect3_sdk_3.5.1/components/device/silabs/si91x/mcu/drivers/unified_api/src/sl_si91x_driver_gpio.o
                0x08208224                sl_si91x_gpio_driver_set_uulp_npss_pin_mux
 .text.sl_si91x_gpio_driver_select_uulp_npss_receiver
                0x0820823a       0x16 ./wiseconnect3_sdk_3.5.1/components/device/silabs/si91x/mcu/drivers/unified_api/src/sl_si91x_driver_gpio.o
                0x0820823a                sl_si91x_gpio_driver_select_uulp_npss_receiver
 .text.IRQ052_Handler
                0x08208250       0x18 ./wiseconnect3_sdk_3.5.1/components/device/silabs/si91x/mcu/drivers/unified_api/src/sl_si91x_driver_gpio.o
                0x08208250                IRQ052_Handler
 .text.IRQ053_Handler
                0x08208268       0x18 ./wiseconnect3_sdk_3.5.1/components/device/silabs/si91x/mcu/drivers/unified_api/src/sl_si91x_driver_gpio.o
                0x08208268                IRQ053_Handler
 .text.IRQ054_Handler
                0x08208280       0x18 ./wiseconnect3_sdk_3.5.1/components/device/silabs/si91x/mcu/drivers/unified_api/src/sl_si91x_driver_gpio.o
                0x08208280                IRQ054_Handler
 .text.IRQ055_Handler
                0x08208298       0x18 ./wiseconnect3_sdk_3.5.1/components/device/silabs/si91x/mcu/drivers/unified_api/src/sl_si91x_driver_gpio.o
                0x08208298                IRQ055_Handler
 .text.IRQ056_Handler
                0x082082b0       0x18 ./wiseconnect3_sdk_3.5.1/components/device/silabs/si91x/mcu/drivers/unified_api/src/sl_si91x_driver_gpio.o
                0x082082b0                IRQ056_Handler
 .text.IRQ057_Handler
                0x082082c8       0x18 ./wiseconnect3_sdk_3.5.1/components/device/silabs/si91x/mcu/drivers/unified_api/src/sl_si91x_driver_gpio.o
                0x082082c8                IRQ057_Handler
 .text.IRQ058_Handler
                0x082082e0       0x18 ./wiseconnect3_sdk_3.5.1/components/device/silabs/si91x/mcu/drivers/unified_api/src/sl_si91x_driver_gpio.o
                0x082082e0                IRQ058_Handler
 .text.IRQ059_Handler
                0x082082f8       0x18 ./wiseconnect3_sdk_3.5.1/components/device/silabs/si91x/mcu/drivers/unified_api/src/sl_si91x_driver_gpio.o
                0x082082f8                IRQ059_Handler
 .text.IRQ050_Handler
                0x08208310       0x18 ./wiseconnect3_sdk_3.5.1/components/device/silabs/si91x/mcu/drivers/unified_api/src/sl_si91x_driver_gpio.o
                0x08208310                IRQ050_Handler
 .text.IRQ051_Handler
                0x08208328       0x18 ./wiseconnect3_sdk_3.5.1/components/device/silabs/si91x/mcu/drivers/unified_api/src/sl_si91x_driver_gpio.o
                0x08208328                IRQ051_Handler
 .text.IRQ021_Handler
                0x08208340       0x68 ./wiseconnect3_sdk_3.5.1/components/device/silabs/si91x/mcu/drivers/unified_api/src/sl_si91x_driver_gpio.o
                0x08208340                IRQ021_Handler
 .text.IRQ018_Handler
                0x082083a8       0xa4 ./wiseconnect3_sdk_3.5.1/components/device/silabs/si91x/mcu/drivers/unified_api/src/sl_si91x_driver_gpio.o
                0x082083a8                IRQ018_Handler
 .text.IRQ019_Handler
                0x0820844c       0x3c ./wiseconnect3_sdk_3.5.1/components/device/silabs/si91x/mcu/drivers/unified_api/src/sl_si91x_driver_gpio.o
                0x0820844c                IRQ019_Handler
 .text.sl_si91x_gpio_validate_soc_peri_on_ulp_gpio
                0x08208488       0x18 ./wiseconnect3_sdk_3.5.1/components/device/silabs/si91x/mcu/drivers/unified_api/src/sl_si91x_driver_gpio.o
                0x08208488                sl_si91x_gpio_validate_soc_peri_on_ulp_gpio
 .text.sl_gpio_validation
                0x082084a0       0x3e ./wiseconnect3_sdk_3.5.1/components/device/silabs/si91x/mcu/drivers/unified_api/src/sl_si91x_driver_gpio.o
 .text.sl_gpio_driver_set_pin_mode
                0x082084de       0x30 ./wiseconnect3_sdk_3.5.1/components/device/silabs/si91x/mcu/drivers/unified_api/src/sl_si91x_driver_gpio.o
                0x082084de                sl_gpio_driver_set_pin_mode
 *fill*         0x0820850e        0x2 
 .text.sl_gpio_set_configuration
                0x08208510       0xdc ./wiseconnect3_sdk_3.5.1/components/device/silabs/si91x/mcu/drivers/unified_api/src/sl_si91x_driver_gpio.o
                0x08208510                sl_gpio_set_configuration
 .text.sl_si91x_gpio_driver_set_soc_peri_on_ulp_pin_mode
                0x082085ec       0x50 ./wiseconnect3_sdk_3.5.1/components/device/silabs/si91x/mcu/drivers/unified_api/src/sl_si91x_driver_gpio.o
                0x082085ec                sl_si91x_gpio_driver_set_soc_peri_on_ulp_pin_mode
 .text.sl_si91x_gpio_driver_set_ulp_peri_on_soc_pin_mode
                0x0820863c      0x144 ./wiseconnect3_sdk_3.5.1/components/device/silabs/si91x/mcu/drivers/unified_api/src/sl_si91x_driver_gpio.o
                0x0820863c                sl_si91x_gpio_driver_set_ulp_peri_on_soc_pin_mode
 .text.sl_si91x_i2c_disable_interrupts.constprop.0
                0x08208780       0x4c ./wiseconnect3_sdk_3.5.1/components/device/silabs/si91x/mcu/drivers/unified_api/src/sl_si91x_i2c.o
 .text.i2c_handler
                0x082087cc       0x58 ./wiseconnect3_sdk_3.5.1/components/device/silabs/si91x/mcu/drivers/unified_api/src/sl_si91x_i2c.o
 .text.sl_si91x_i2c_pin_init
                0x08208824      0x124 ./wiseconnect3_sdk_3.5.1/components/device/silabs/si91x/mcu/drivers/unified_api/src/sl_si91x_i2c.o
                0x08208824                sl_si91x_i2c_pin_init
 .text.IRQ042_Handler
                0x08208948        0xc ./wiseconnect3_sdk_3.5.1/components/device/silabs/si91x/mcu/drivers/unified_api/src/sl_si91x_i2c.o
                0x08208948                IRQ042_Handler
 .text.IRQ061_Handler
                0x08208954        0xc ./wiseconnect3_sdk_3.5.1/components/device/silabs/si91x/mcu/drivers/unified_api/src/sl_si91x_i2c.o
                0x08208954                IRQ061_Handler
 .text.IRQ013_Handler
                0x08208960        0xc ./wiseconnect3_sdk_3.5.1/components/device/silabs/si91x/mcu/drivers/unified_api/src/sl_si91x_i2c.o
                0x08208960                IRQ013_Handler
 .text.sl_si91x_gpio_enable_pad_selection
                0x0820896c       0x2c ./wiseconnect3_sdk_3.5.1/components/device/silabs/si91x/mcu/drivers/unified_peripheral_drivers/src/sl_si91x_peripheral_gpio.o
                0x0820896c                sl_si91x_gpio_enable_pad_selection
 .text.sl_si91x_gpio_enable_host_pad_selection
                0x08208998       0x28 ./wiseconnect3_sdk_3.5.1/components/device/silabs/si91x/mcu/drivers/unified_peripheral_drivers/src/sl_si91x_peripheral_gpio.o
                0x08208998                sl_si91x_gpio_enable_host_pad_selection
 .text.sl_si91x_gpio_clear_group_interrupt
                0x082089c0       0x14 ./wiseconnect3_sdk_3.5.1/components/device/silabs/si91x/mcu/drivers/unified_peripheral_drivers/src/sl_si91x_peripheral_gpio.o
                0x082089c0                sl_si91x_gpio_clear_group_interrupt
 .text.sl_si91x_gpio_get_uulp_interrupt_status
                0x082089d4       0x10 ./wiseconnect3_sdk_3.5.1/components/device/silabs/si91x/mcu/drivers/unified_peripheral_drivers/src/sl_si91x_peripheral_gpio.o
                0x082089d4                sl_si91x_gpio_get_uulp_interrupt_status
 .text.sl_si91x_gpio_get_ulp_interrupt_status
                0x082089e4       0x10 ./wiseconnect3_sdk_3.5.1/components/device/silabs/si91x/mcu/drivers/unified_peripheral_drivers/src/sl_si91x_peripheral_gpio.o
                0x082089e4                sl_si91x_gpio_get_ulp_interrupt_status
 .text.sl_si91x_gpio_clear_ulp_interrupt
                0x082089f4       0x14 ./wiseconnect3_sdk_3.5.1/components/device/silabs/si91x/mcu/drivers/unified_peripheral_drivers/src/sl_si91x_peripheral_gpio.o
                0x082089f4                sl_si91x_gpio_clear_ulp_interrupt
 .text.sl_si91x_gpio_clear_ulp_group_interrupt
                0x08208a08       0x14 ./wiseconnect3_sdk_3.5.1/components/device/silabs/si91x/mcu/drivers/unified_peripheral_drivers/src/sl_si91x_peripheral_gpio.o
                0x08208a08                sl_si91x_gpio_clear_ulp_group_interrupt
 .text.sl_assert_failed
                0x08208a1c       0x10 ./wiseconnect3_sdk_3.5.1/components/device/silabs/si91x/mcu/drivers/unified_peripheral_drivers/src/sl_si91x_peripheral_gpio.o
                0x08208a1c                sl_assert_failed
 .text.sl_gpio_set_pin_output
                0x08208a2c       0x94 ./wiseconnect3_sdk_3.5.1/components/device/silabs/si91x/mcu/drivers/unified_peripheral_drivers/src/sl_si91x_peripheral_gpio.o
 .text.sl_gpio_clear_pin_output
                0x08208ac0       0x94 ./wiseconnect3_sdk_3.5.1/components/device/silabs/si91x/mcu/drivers/unified_peripheral_drivers/src/sl_si91x_peripheral_gpio.o
 .text.sl_gpio_set_pin_mode
                0x08208b54      0x100 ./wiseconnect3_sdk_3.5.1/components/device/silabs/si91x/mcu/drivers/unified_peripheral_drivers/src/sl_si91x_peripheral_gpio.o
                0x08208b54                sl_gpio_set_pin_mode
 .text.sl_si91x_gpio_set_pin_direction
                0x08208c54       0xc8 ./wiseconnect3_sdk_3.5.1/components/device/silabs/si91x/mcu/drivers/unified_peripheral_drivers/src/sl_si91x_peripheral_gpio.o
                0x08208c54                sl_si91x_gpio_set_pin_direction
 .text.sl_si91x_gpio_enable_pad_receiver
                0x08208d1c       0x2c ./wiseconnect3_sdk_3.5.1/components/device/silabs/si91x/mcu/drivers/unified_peripheral_drivers/src/sl_si91x_peripheral_gpio.o
                0x08208d1c                sl_si91x_gpio_enable_pad_receiver
 .text.sl_si91x_gpio_select_pad_driver_disable_state
                0x08208d48       0x3c ./wiseconnect3_sdk_3.5.1/components/device/silabs/si91x/mcu/drivers/unified_peripheral_drivers/src/sl_si91x_peripheral_gpio.o
                0x08208d48                sl_si91x_gpio_select_pad_driver_disable_state
 .text.sl_si91x_gpio_enable_clock
                0x08208d84       0x48 ./wiseconnect3_sdk_3.5.1/components/device/silabs/si91x/mcu/drivers/unified_peripheral_drivers/src/sl_si91x_peripheral_gpio.o
                0x08208d84                sl_si91x_gpio_enable_clock
 .text.sl_si91x_gpio_get_group_interrupt_status
                0x08208dcc       0x58 ./wiseconnect3_sdk_3.5.1/components/device/silabs/si91x/mcu/drivers/unified_peripheral_drivers/src/sl_si91x_peripheral_gpio.o
                0x08208dcc                sl_si91x_gpio_get_group_interrupt_status
 .text.sl_si91x_gpio_enable_ulp_pad_receiver
                0x08208e24       0x28 ./wiseconnect3_sdk_3.5.1/components/device/silabs/si91x/mcu/drivers/unified_peripheral_drivers/src/sl_si91x_peripheral_gpio.o
                0x08208e24                sl_si91x_gpio_enable_ulp_pad_receiver
 .text.sl_si91x_gpio_select_ulp_pad_driver_disable_state
                0x08208e4c       0x68 ./wiseconnect3_sdk_3.5.1/components/device/silabs/si91x/mcu/drivers/unified_peripheral_drivers/src/sl_si91x_peripheral_gpio.o
                0x08208e4c                sl_si91x_gpio_select_ulp_pad_driver_disable_state
 .text.sl_si91x_gpio_set_uulp_npss_pin_mux
                0x08208eb4       0x38 ./wiseconnect3_sdk_3.5.1/components/device/silabs/si91x/mcu/drivers/unified_peripheral_drivers/src/sl_si91x_peripheral_gpio.o
                0x08208eb4                sl_si91x_gpio_set_uulp_npss_pin_mux
 .text.sl_si91x_gpio_select_uulp_npss_receiver
                0x08208eec       0x38 ./wiseconnect3_sdk_3.5.1/components/device/silabs/si91x/mcu/drivers/unified_peripheral_drivers/src/sl_si91x_peripheral_gpio.o
                0x08208eec                sl_si91x_gpio_select_uulp_npss_receiver
 .text.sl_si91x_gpio_set_uulp_npss_direction
                0x08208f24       0x38 ./wiseconnect3_sdk_3.5.1/components/device/silabs/si91x/mcu/drivers/unified_peripheral_drivers/src/sl_si91x_peripheral_gpio.o
                0x08208f24                sl_si91x_gpio_set_uulp_npss_direction
 .text.sl_si91x_gpio_clear_uulp_npss_interrupt
                0x08208f5c       0x24 ./wiseconnect3_sdk_3.5.1/components/device/silabs/si91x/mcu/drivers/unified_peripheral_drivers/src/sl_si91x_peripheral_gpio.o
                0x08208f5c                sl_si91x_gpio_clear_uulp_npss_interrupt
 .text.sli_si91x_platform_init
                0x08208f80       0x78 ./wiseconnect3_sdk_3.5.1/components/device/silabs/si91x/wireless/ahb_interface/src/sl_platform.o
                0x08208f80                sli_si91x_platform_init
 .text.sli_si91x_bootup_firmware
                0x08208ff8       0x9c ./wiseconnect3_sdk_3.5.1/components/device/silabs/si91x/wireless/ahb_interface/src/sl_platform.o
                0x08208ff8                sli_si91x_bootup_firmware
 .text.sli_si91x_configure_wireless_frontend_controls
                0x08209094       0x44 ./wiseconnect3_sdk_3.5.1/components/device/silabs/si91x/wireless/ahb_interface/src/sl_platform_wireless.o
                0x08209094                sli_si91x_configure_wireless_frontend_controls
 .text.rsi_waitfor_boardready
                0x082090d8       0x44 ./wiseconnect3_sdk_3.5.1/components/device/silabs/si91x/wireless/ahb_interface/src/sli_siwx917_soc.o
                0x082090d8                rsi_waitfor_boardready
 .text.rsi_select_option
                0x0820911c       0x94 ./wiseconnect3_sdk_3.5.1/components/device/silabs/si91x/wireless/ahb_interface/src/sli_siwx917_soc.o
                0x0820911c                rsi_select_option
 .text.unmask_ta_interrupt
                0x082091b0        0xc ./wiseconnect3_sdk_3.5.1/components/device/silabs/si91x/wireless/ahb_interface/src/sli_siwx917_soc.o
                0x082091b0                unmask_ta_interrupt
 .text.sli_m4_ta_interrupt_init
                0x082091bc       0x2c ./wiseconnect3_sdk_3.5.1/components/device/silabs/si91x/wireless/ahb_interface/src/sli_siwx917_soc.o
                0x082091bc                sli_m4_ta_interrupt_init
 .text.sl_si91x_errno
                0x082091e8       0x1c ./wiseconnect3_sdk_3.5.1/components/device/silabs/si91x/wireless/errno/src/sl_si91x_errno.o
                0x082091e8                sl_si91x_errno
 .text.sli_si91x_bus_rx_irq_handler
                0x08209204        0x4 ./wiseconnect3_sdk_3.5.1/components/device/silabs/si91x/wireless/host_mcu/si91x/siwx917_soc_ncp_host.o
                0x08209204                sli_si91x_bus_rx_irq_handler
 .text.sli_si91x_bus_rx_done_handler
                0x08209208        0x2 ./wiseconnect3_sdk_3.5.1/components/device/silabs/si91x/wireless/host_mcu/si91x/siwx917_soc_ncp_host.o
                0x08209208                sli_si91x_bus_rx_done_handler
 .text.sl_si91x_host_init
                0x0820920a        0xa ./wiseconnect3_sdk_3.5.1/components/device/silabs/si91x/wireless/host_mcu/si91x/siwx917_soc_ncp_host.o
                0x0820920a                sl_si91x_host_init
 .text.sl_si91x_host_hold_in_reset
                0x08209214        0x2 ./wiseconnect3_sdk_3.5.1/components/device/silabs/si91x/wireless/host_mcu/si91x/siwx917_soc_ncp_host.o
                0x08209214                sl_si91x_host_hold_in_reset
 .text.sl_si91x_host_release_from_reset
                0x08209216        0x2 ./wiseconnect3_sdk_3.5.1/components/device/silabs/si91x/wireless/host_mcu/si91x/siwx917_soc_ncp_host.o
                0x08209216                sl_si91x_host_release_from_reset
 .text.sl_si91x_host_enable_bus_interrupt
                0x08209218        0x2 ./wiseconnect3_sdk_3.5.1/components/device/silabs/si91x/wireless/host_mcu/si91x/siwx917_soc_ncp_host.o
                0x08209218                sl_si91x_host_enable_bus_interrupt
 *fill*         0x0820921a        0x2 
 .text.sl_si91x_host_is_in_irq_context
                0x0820921c       0x14 ./wiseconnect3_sdk_3.5.1/components/device/silabs/si91x/wireless/host_mcu/si91x/siwx917_soc_ncp_host.o
                0x0820921c                sl_si91x_host_is_in_irq_context
 .text.sli_si91x_host_init_buffer_manager
                0x08209230       0xa8 ./wiseconnect3_sdk_3.5.1/components/device/silabs/si91x/wireless/memory/mem_pool_buffer_quota.o
                0x08209230                sli_si91x_host_init_buffer_manager
 .text.sli_si91x_host_allocate_buffer
                0x082092d8       0x98 ./wiseconnect3_sdk_3.5.1/components/device/silabs/si91x/wireless/memory/mem_pool_buffer_quota.o
                0x082092d8                sli_si91x_host_allocate_buffer
 .text.sl_si91x_host_get_buffer_data
                0x08209370       0x16 ./wiseconnect3_sdk_3.5.1/components/device/silabs/si91x/wireless/memory/mem_pool_buffer_quota.o
                0x08209370                sl_si91x_host_get_buffer_data
 *fill*         0x08209386        0x2 
 .text.sli_si91x_host_free_buffer
                0x08209388       0x30 ./wiseconnect3_sdk_3.5.1/components/device/silabs/si91x/wireless/memory/mem_pool_buffer_quota.o
                0x08209388                sli_si91x_host_free_buffer
 .text.sli_convert_si91x_dns_response
                0x082093b8       0x2a ./wiseconnect3_sdk_3.5.1/components/device/silabs/si91x/wireless/sl_net/src/sl_net_rsi_utility.o
                0x082093b8                sli_convert_si91x_dns_response
 .text.sli_convert_si91x_event_to_sl_net_event
                0x082093e2       0x40 ./wiseconnect3_sdk_3.5.1/components/device/silabs/si91x/wireless/sl_net/src/sl_net_rsi_utility.o
                0x082093e2                sli_convert_si91x_event_to_sl_net_event
 .text.sli_wifi_is_ip_address_zero
                0x08209422       0x30 ./wiseconnect3_sdk_3.5.1/components/device/silabs/si91x/wireless/sl_net/src/sl_net_rsi_utility.o
                0x08209422                sli_wifi_is_ip_address_zero
 .text.sli_convert_si91x_event_to_sl_http_client_event
                0x08209452       0x2e ./wiseconnect3_sdk_3.5.1/components/device/silabs/si91x/wireless/sl_net/src/sl_net_rsi_utility.o
                0x08209452                sli_convert_si91x_event_to_sl_http_client_event
 .text.sl_net_wifi_client_init
                0x08209480       0x1c ./wiseconnect3_sdk_3.5.1/components/device/silabs/si91x/wireless/sl_net/src/sl_net_si91x.o
                0x08209480                sl_net_wifi_client_init
 .text.sl_net_wifi_client_up
                0x0820949c       0x94 ./wiseconnect3_sdk_3.5.1/components/device/silabs/si91x/wireless/sl_net/src/sl_net_si91x.o
                0x0820949c                sl_net_wifi_client_up
 .text.sl_net_wifi_ap_init
                0x08209530        0x4 ./wiseconnect3_sdk_3.5.1/components/device/silabs/si91x/wireless/sl_net/src/sl_net_si91x.o
                0x08209530                sl_net_wifi_ap_init
 .text.sl_net_wifi_ap_up
                0x08209534       0x88 ./wiseconnect3_sdk_3.5.1/components/device/silabs/si91x/wireless/sl_net/src/sl_net_si91x.o
                0x08209534                sl_net_wifi_ap_up
 .text.sl_si91x_default_handler
                0x082095bc      0x114 ./wiseconnect3_sdk_3.5.1/components/device/silabs/si91x/wireless/sl_net/src/sl_net_si91x_callback_framework.o
                0x082095bc                sl_si91x_default_handler
 .text.sli_si91x_flush_all_socket_tx_queues_based_on_dest_ip_address
                0x082096d0       0x60 ./wiseconnect3_sdk_3.5.1/components/device/silabs/si91x/wireless/sl_net/src/sl_net_si91x_integration_handler.o
                0x082096d0                sli_si91x_flush_all_socket_tx_queues_based_on_dest_ip_address
 .text.sli_si91x_flush_third_party_station_dependent_sockets
                0x08209730       0xb8 ./wiseconnect3_sdk_3.5.1/components/device/silabs/si91x/wireless/sl_net/src/sl_net_si91x_integration_handler.o
                0x08209730                sli_si91x_flush_third_party_station_dependent_sockets
 .text.sl_net_si91x_event_dispatch_handler
                0x082097e8      0x190 ./wiseconnect3_sdk_3.5.1/components/device/silabs/si91x/wireless/sl_net/src/sl_net_si91x_integration_handler.o
                0x082097e8                sl_net_si91x_event_dispatch_handler
 .text.sli_si91x_configure_ip_address
                0x08209978      0x1f0 ./wiseconnect3_sdk_3.5.1/components/device/silabs/si91x/wireless/sl_net/src/sl_si91x_net_internal_stack.o
                0x08209978                sli_si91x_configure_ip_address
 .text.sl_si91x_configure_ip_address
                0x08209b68        0x8 ./wiseconnect3_sdk_3.5.1/components/device/silabs/si91x/wireless/sl_net/src/sl_si91x_net_internal_stack.o
                0x08209b68                sl_si91x_configure_ip_address
 .text.convert_to_si91x_cert_type
                0x08209b70       0xaa ./wiseconnect3_sdk_3.5.1/components/device/silabs/si91x/wireless/sl_net/src/sli_net_si91x_utility.o
 .text.sli_net_set_credential
                0x08209c1a       0x5a ./wiseconnect3_sdk_3.5.1/components/device/silabs/si91x/wireless/sl_net/src/sli_net_si91x_utility.o
                0x08209c1a                sli_net_set_credential
 .text.sli_si91x_clear_select_id